Component: ARM Compiler 5.06 update 7 (build 960) Tool: armlink [4d3601]

==============================================================================

Section Cross References

    startup_stm32f103xe.o(STACK) refers (Special) to heapauxi.o(.text) for __use_two_region_memory
    startup_stm32f103xe.o(HEAP) refers (Special) to heapauxi.o(.text) for __use_two_region_memory
    startup_stm32f103xe.o(RESET) refers (Special) to heapauxi.o(.text) for __use_two_region_memory
    startup_stm32f103xe.o(RESET) refers to startup_stm32f103xe.o(STACK) for __initial_sp
    startup_stm32f103xe.o(RESET) refers to startup_stm32f103xe.o(.text) for Reset_Handler
    startup_stm32f103xe.o(RESET) refers to stm32f1xx_it.o(i.NMI_Handler) for NMI_Handler
    startup_stm32f103xe.o(RESET) refers to stm32f1xx_it.o(i.HardFault_Handler) for HardFault_Handler
    startup_stm32f103xe.o(RESET) refers to stm32f1xx_it.o(i.MemManage_Handler) for MemManage_Handler
    startup_stm32f103xe.o(RESET) refers to stm32f1xx_it.o(i.BusFault_Handler) for BusFault_Handler
    startup_stm32f103xe.o(RESET) refers to stm32f1xx_it.o(i.UsageFault_Handler) for UsageFault_Handler
    startup_stm32f103xe.o(RESET) refers to port.o(.emb_text) for SVC_Handler
    startup_stm32f103xe.o(RESET) refers to stm32f1xx_it.o(i.DebugMon_Handler) for DebugMon_Handler
    startup_stm32f103xe.o(RESET) refers to port.o(i.SysTick_Handler) for SysTick_Handler
    startup_stm32f103xe.o(RESET) refers to stm32f1xx_it.o(i.DMA1_Channel2_IRQHandler) for DMA1_Channel2_IRQHandler
    startup_stm32f103xe.o(RESET) refers to stm32f1xx_it.o(i.DMA1_Channel3_IRQHandler) for DMA1_Channel3_IRQHandler
    startup_stm32f103xe.o(RESET) refers to stm32f1xx_it.o(i.TIM2_IRQHandler) for TIM2_IRQHandler
    startup_stm32f103xe.o(RESET) refers to stm32f1xx_it.o(i.TIM3_IRQHandler) for TIM3_IRQHandler
    startup_stm32f103xe.o(RESET) refers to stm32f1xx_it.o(i.TIM4_IRQHandler) for TIM4_IRQHandler
    startup_stm32f103xe.o(RESET) refers to stm32f1xx_it.o(i.USART3_IRQHandler) for USART3_IRQHandler
    startup_stm32f103xe.o(RESET) refers to stm32f1xx_it.o(i.TIM5_IRQHandler) for TIM5_IRQHandler
    startup_stm32f103xe.o(RESET) refers to stm32f1xx_it.o(i.TIM7_IRQHandler) for TIM7_IRQHandler
    startup_stm32f103xe.o(.text) refers (Special) to heapauxi.o(.text) for __use_two_region_memory
    startup_stm32f103xe.o(.text) refers to system_stm32f1xx.o(i.SystemInit) for SystemInit
    startup_stm32f103xe.o(.text) refers to __main.o(!!!main) for __main
    startup_stm32f103xe.o(.text) refers to startup_stm32f103xe.o(HEAP) for Heap_Mem
    startup_stm32f103xe.o(.text) refers to startup_stm32f103xe.o(STACK) for Stack_Mem
    main.o(i.HAL_TIM_PeriodElapsedCallback) refers to stm32f1xx_hal.o(i.HAL_IncTick) for HAL_IncTick
    main.o(i.HAL_UART_RxCpltCallback) refers to ble_remote.o(i.uart_to_remote) for uart_to_remote
    main.o(i.HAL_UART_RxCpltCallback) refers to stm32f1xx_hal_uart.o(i.HAL_UART_Receive_DMA) for HAL_UART_Receive_DMA
    main.o(i.HAL_UART_RxCpltCallback) refers to usart.o(.bss) for huart3
    main.o(i.HAL_UART_RxCpltCallback) refers to main.o(.bss) for data
    main.o(i.SystemClock_Config) refers to rt_memclr_w.o(.text) for __aeabi_memclr4
    main.o(i.SystemClock_Config) refers to stm32f1xx_hal_rcc.o(i.HAL_RCC_OscConfig) for HAL_RCC_OscConfig
    main.o(i.SystemClock_Config) refers to main.o(i.Error_Handler) for Error_Handler
    main.o(i.SystemClock_Config) refers to stm32f1xx_hal_rcc.o(i.HAL_RCC_ClockConfig) for HAL_RCC_ClockConfig
    main.o(i.main) refers to stm32f1xx_hal.o(i.HAL_Init) for HAL_Init
    main.o(i.main) refers to main.o(i.SystemClock_Config) for SystemClock_Config
    main.o(i.main) refers to gpio.o(i.MX_GPIO_Init) for MX_GPIO_Init
    main.o(i.main) refers to dma.o(i.MX_DMA_Init) for MX_DMA_Init
    main.o(i.main) refers to tim.o(i.MX_TIM1_Init) for MX_TIM1_Init
    main.o(i.main) refers to tim.o(i.MX_TIM2_Init) for MX_TIM2_Init
    main.o(i.main) refers to tim.o(i.MX_TIM3_Init) for MX_TIM3_Init
    main.o(i.main) refers to tim.o(i.MX_TIM4_Init) for MX_TIM4_Init
    main.o(i.main) refers to tim.o(i.MX_TIM5_Init) for MX_TIM5_Init
    main.o(i.main) refers to tim.o(i.MX_TIM8_Init) for MX_TIM8_Init
    main.o(i.main) refers to usart.o(i.MX_USART3_UART_Init) for MX_USART3_UART_Init
    main.o(i.main) refers to stm32f1xx_hal_uart.o(i.HAL_UART_Receive_DMA) for HAL_UART_Receive_DMA
    main.o(i.main) refers to ble_remote.o(i.get_remote_control_point) for get_remote_control_point
    main.o(i.main) refers to stm32f1xx_hal_tim.o(i.HAL_TIM_PWM_Start) for HAL_TIM_PWM_Start
    main.o(i.main) refers to freertos.o(i.MX_FREERTOS_Init) for MX_FREERTOS_Init
    main.o(i.main) refers to cmsis_os.o(i.osKernelStart) for osKernelStart
    main.o(i.main) refers to main.o(.bss) for data
    main.o(i.main) refers to usart.o(.bss) for huart3
    main.o(i.main) refers to tim.o(.bss) for htim1
    gpio.o(i.MX_GPIO_Init) refers to stm32f1xx_hal_gpio.o(i.HAL_GPIO_WritePin) for HAL_GPIO_WritePin
[...]
    i.prvCheckTasksWaitingTermination        0x08004740   Section        0  tasks.o(i.prvCheckTasksWaitingTermination)
    prvCheckTasksWaitingTermination          0x08004741   Thumb Code    60  tasks.o(i.prvCheckTasksWaitingTermination)
    i.prvDeleteTCB                           0x08004788   Section        0  tasks.o(i.prvDeleteTCB)
    prvDeleteTCB                             0x08004789   Thumb Code    80  tasks.o(i.prvDeleteTCB)
    i.prvHeapInit                            0x080047d8   Section        0  heap_4.o(i.prvHeapInit)
    prvHeapInit                              0x080047d9   Thumb Code    98  heap_4.o(i.prvHeapInit)
    i.prvIdleTask                            0x08004854   Section        0  tasks.o(i.prvIdleTask)
    prvIdleTask                              0x08004855   Thumb Code    32  tasks.o(i.prvIdleTask)
    i.prvInitialiseNewTask                   0x0800487c   Section        0  tasks.o(i.prvInitialiseNewTask)
    prvInitialiseNewTask                     0x0800487d   Thumb Code   170  tasks.o(i.prvInitialiseNewTask)
    i.prvInitialiseTaskLists                 0x08004928   Section        0  tasks.o(i.prvInitialiseTaskLists)
    prvInitialiseTaskLists                   0x08004929   Thumb Code    70  tasks.o(i.prvInitialiseTaskLists)
    i.prvInsertBlockIntoFreeList             0x08004990   Section        0  heap_4.o(i.prvInsertBlockIntoFreeList)
    prvInsertBlockIntoFreeList               0x08004991   Thumb Code    96  heap_4.o(i.prvInsertBlockIntoFreeList)
    i.prvResetNextTaskUnblockTime            0x080049f8   Section        0  tasks.o(i.prvResetNextTaskUnblockTime)
    prvResetNextTaskUnblockTime              0x080049f9   Thumb Code    42  tasks.o(i.prvResetNextTaskUnblockTime)
    i.prvTaskExitError                       0x08004a2c   Section        0  port.o(i.prvTaskExitError)
    prvTaskExitError                         0x08004a2d   Thumb Code    60  port.o(i.prvTaskExitError)
    i.pvPortMalloc                           0x08004a6c   Section        0  heap_4.o(i.pvPortMalloc)
    i.pxPortInitialiseStack                  0x08004ba8   Section        0  port.o(i.pxPortInitialiseStack)
    i.sin                                    0x08004bcc   Section        0  sin.o(i.sin)
    i.uart_to_remote                         0x08004c6c   Section        0  ble_remote.o(i.uart_to_remote)
    i.uart_to_rocker                         0x08004cf4   Section        0  ble_remote.o(i.uart_to_rocker)
    i.uxListRemove                           0x08004dd6   Section        0  list.o(i.uxListRemove)
    i.vApplicationGetIdleTaskMemory          0x08004e00   Section        0  freertos.o(i.vApplicationGetIdleTaskMemory)
    i.vListInitialise                        0x08004e18   Section        0  list.o(i.vListInitialise)
    i.vListInitialiseItem                    0x08004e32   Section        0  list.o(i.vListInitialiseItem)
    i.vListInsert                            0x08004e38   Section        0  list.o(i.vListInsert)
    i.vListInsertEnd                         0x08004e6c   Section        0  list.o(i.vListInsertEnd)
    i.vPortEnterCritical                     0x08004e84   Section        0  port.o(i.vPortEnterCritical)
    i.vPortExitCritical                      0x08004ed8   Section        0  port.o(i.vPortExitCritical)
    i.vPortFree                              0x08004f14   Section        0  heap_4.o(i.vPortFree)
    i.vPortSetupTimerInterrupt               0x08004fa8   Section        0  port.o(i.vPortSetupTimerInterrupt)
    i.vTaskDelay                             0x08004fd0   Section        0  tasks.o(i.vTaskDelay)
    i.vTaskDelayUntil                        0x0800502c   Section        0  tasks.o(i.vTaskDelayUntil)
    i.vTaskStartScheduler                    0x08005100   Section        0  tasks.o(i.vTaskStartScheduler)
    i.vTaskSuspendAll                        0x080051b0   Section        0  tasks.o(i.vTaskSuspendAll)
    i.vTaskSwitchContext                     0x080051c0   Section        0  tasks.o(i.vTaskSwitchContext)
    i.xPortStartScheduler                    0x0800524c   Section        0  port.o(i.xPortStartScheduler)
    i.xTaskCreate                            0x08005344   Section        0  tasks.o(i.xTaskCreate)
    i.xTaskCreateStatic                      0x080053a8   Section        0  tasks.o(i.xTaskCreateStatic)
    i.xTaskGetTickCount                      0x08005460   Section        0  tasks.o(i.xTaskGetTickCount)
    i.xTaskIncrementTick                     0x0800546c   Section        0  tasks.o(i.xTaskIncrementTick)
    i.xTaskResumeAll                         0x080055b4   Section        0  tasks.o(i.xTaskResumeAll)
    x$fpl$d2f                                0x080056b8   Section       98  d2f.o(x$fpl$d2f)
    x$fpl$dadd                               0x0800571c   Section      336  daddsub_clz.o(x$fpl$dadd)
    _dadd1                                   0x0800572d   Thumb Code     0  daddsub_clz.o(x$fpl$dadd)
    x$fpl$dcheck1                            0x0800586c   Section       16  dcheck1.o(x$fpl$dcheck1)
    x$fpl$ddiv                               0x0800587c   Section      688  ddiv.o(x$fpl$ddiv)
    ddiv_entry                               0x08005883   Thumb Code     0  ddiv.o(x$fpl$ddiv)
    x$fpl$dfix                               0x08005b2c   Section       94  dfix.o(x$fpl$dfix)
    x$fpl$dfixu                              0x08005b8c   Section       90  dfixu.o(x$fpl$dfixu)
    x$fpl$dflt                               0x08005be6   Section       46  dflt_clz.o(x$fpl$dflt)
    x$fpl$dfltu                              0x08005c14   Section       38  dflt_clz.o(x$fpl$dfltu)
    x$fpl$dmul                               0x08005c3c   Section      340  dmul.o(x$fpl$dmul)
    x$fpl$dnaninf                            0x08005d90   Section      156  dnaninf.o(x$fpl$dnaninf)
    x$fpl$dretinf                            0x08005e2c   Section       12  dretinf.o(x$fpl$dretinf)
    x$fpl$drsb                               0x08005e38   Section       22  daddsub_clz.o(x$fpl$drsb)
    x$fpl$dsub                               0x08005e50   Section      468  daddsub_clz.o(x$fpl$dsub)
    _dsub1                                   0x08005e61   Thumb Code     0  daddsub_clz.o(x$fpl$dsub)
    x$fpl$f2d                                0x08006024   Section       86  f2d.o(x$fpl$f2d)
    x$fpl$fadd                               0x0800607c   Section      196  faddsub_clz.o(x$fpl$fadd)
    _fadd1                                   0x0800608b   Thumb Code     0  faddsub_clz.o(x$fpl$fadd)
    x$fpl$fdiv                               0x08006140   Section      388  fdiv.o(x$fpl$fdiv)
    _fdiv1                                   0x08006141   Thumb Code     0  fdiv.o(x$fpl$fdiv)
    x$fpl$ffix                               0x080062c4   Section       54  ffix.o(x$fpl$ffix)
    x$fpl$fflt                               0x080062fc   Section       48  fflt_clz.o(x$fpl$fflt)
    x$fpl$fmul                               0x0800632c   Section      258  fmul.o(x$fpl$fmul)
    x$fpl$fnaninf                            0x0800642e   Section      140  fnaninf.o(x$fpl$fnaninf)
    x$fpl$fretinf                            0x080064ba   Section       10  fretinf.o(x$fpl$fretinf)
    x$fpl$fsub                               0x080064c4   Section      234  faddsub_clz.o(x$fpl$fsub)
    _fsub1                                   0x080064d3   Thumb Code     0  faddsub_clz.o(x$fpl$fsub)
    x$fpl$retnan                             0x080065ae   Section      100  retnan.o(x$fpl$retnan)
    x$fpl$scalbn                             0x08006612   Section       92  scalbn.o(x$fpl$scalbn)
    x$fpl$trapveneer                         0x0800666e   Section       48  trapv.o(x$fpl$trapveneer)
    x$fpl$usenofp                            0x0800669e   Section        0  usenofp.o(x$fpl$usenofp)
    .constdata                               0x080066a0   Section       84  freertos.o(.constdata)
    .constdata                               0x080066f4   Section       18  stm32f1xx_hal_rcc.o(.constdata)
    aPLLMULFactorTable                       0x080066f4   Data          16  stm32f1xx_hal_rcc.o(.constdata)
    aPredivFactorTable                       0x08006704   Data           2  stm32f1xx_hal_rcc.o(.constdata)
    .constdata                               0x08006706   Section       24  system_stm32f1xx.o(.constdata)
    .constdata                               0x08006720   Section       48  cos_i.o(.constdata)
    C                                        0x08006720   Data          48  cos_i.o(.constdata)
    .constdata                               0x08006750   Section      200  rred.o(.constdata)
    pio2s                                    0x08006750   Data          48  rred.o(.constdata)
    twooverpi                                0x08006780   Data         152  rred.o(.constdata)
    .constdata                               0x08006818   Section       40  sin_i.o(.constdata)
    S                                        0x08006818   Data          40  sin_i.o(.constdata)
    .conststring                             0x08006840   Section       36  freertos.o(.conststring)
    .data                                    0x20000000   Section       12  freertos.o(.data)
    .data                                    0x2000000c   Section        9  stm32f1xx_hal.o(.data)
    .data                                    0x20000018   Section        4  system_stm32f1xx.o(.data)
    .data                                    0x2000001c   Section       60  tasks.o(.data)
    pxDelayedTaskList                        0x20000020   Data           4  tasks.o(.data)
    pxOverflowDelayedTaskList                0x20000024   Data           4  tasks.o(.data)
    uxDeletedTasksWaitingCleanUp             0x20000028   Data           4  tasks.o(.data)
    uxCurrentNumberOfTasks                   0x2000002c   Data           4  tasks.o(.data)
    xTickCount                               0x20000030   Data           4  tasks.o(.data)
    uxTopReadyPriority                       0x20000034   Data           4  tasks.o(.data)
    xSchedulerRunning                        0x20000038   Data           4  tasks.o(.data)
    uxPendedTicks                            0x2000003c   Data           4  tasks.o(.data)
    xYieldPending                            0x20000040   Data           4  tasks.o(.data)
    xNumOfOverflows                          0x20000044   Data           4  tasks.o(.data)
    uxTaskNumber                             0x20000048   Data           4  tasks.o(.data)
    xNextTaskUnblockTime                     0x2000004c   Data           4  tasks.o(.data)
    xIdleTaskHandle                          0x20000050   Data           4  tasks.o(.data)
    uxSchedulerSuspended                     0x20000054   Data           4  tasks.o(.data)
    .data                                    0x20000058   Section       24  heap_4.o(.data)
    xStart                                   0x20000058   Data           8  heap_4.o(.data)
    pxEnd                                    0x20000060   Data           4  heap_4.o(.data)
    xFreeBytesRemaining                      0x20000064   Data           4  heap_4.o(.data)
    xMinimumEverFreeBytesRemaining           0x20000068   Data           4  heap_4.o(.data)
    xBlockAllocatedBit                       0x2000006c   Data           4  heap_4.o(.data)
    .data                                    0x20000070   Section       12  port.o(.data)
    uxCriticalNesting                        0x20000070   Data           4  port.o(.data)
    ucMaxSysCallPriority                     0x20000074   Data           1  port.o(.data)
    ulMaxPRIGROUPValue                       0x20000078   Data           4  port.o(.data)
    .bss                                     0x2000007c   Section       11  main.o(.bss)
    .bss                                     0x20000088   Section      340  freertos.o(.bss)
    xIdleTaskTCBBuffer                       0x20000088   Data          84  freertos.o(.bss)
    xIdleStack                               0x200000dc   Data         256  freertos.o(.bss)
    .bss                                     0x200001dc   Section      432  tim.o(.bss)
    .bss                                     0x2000038c   Section      208  usart.o(.bss)
    .bss                                     0x2000045c   Section       72  stm32f1xx_hal_timebase_tim.o(.bss)
    .bss                                     0x200004a4   Section      240  tasks.o(.bss)
    pxReadyTasksLists                        0x200004a4   Data         140  tasks.o(.bss)
    xDelayedTaskList1                        0x20000530   Data          20  tasks.o(.bss)
    xDelayedTaskList2                        0x20000544   Data          20  tasks.o(.bss)
    xPendingReadyList                        0x20000558   Data          20  tasks.o(.bss)
    xTasksWaitingTermination                 0x2000056c   Data          20  tasks.o(.bss)
    xSuspendedTaskList                       0x20000580   Data          20  tasks.o(.bss)
    .bss                                     0x20000594   Section     3072  heap_4.o(.bss)
    ucHeap                                   0x20000594   Data        3072  heap_4.o(.bss)
    .bss                                     0x20001194   Section      548  chassis_task.o(.bss)
    .bss                                     0x200013b8   Section       32  ble_remote.o(.bss)
    .bss                                     0x200013d8   Section       96  libspace.o(.bss)
    HEAP                                     0x20001438   Section      512  startup_stm32f103xe.o(HEAP)
    Heap_Mem                                 0x20001438   Data         512  startup_stm32f103xe.o(HEAP)
    STACK                                    0x20001638   Section     1024  startup_stm32f103xe.o(STACK)
    Stack_Mem                                0x20001638   Data        1024  startup_stm32f103xe.o(STACK)
    __initial_sp                             0x20001a38   Data           0  startup_stm32f103xe.o(STACK)

    Global Symbols

    Symbol Name                              Value     Ov Type        Size  Object(Section)

    BuildAttributes$$THM_ISAv4$P$D$K$B$S$PE$A:L22UL41UL21$X:L11$S22US41US21$IEEE1$IW$USESV6$~STKCKD$USESV7$~SHL$OTIME$ROPI$IEEEX$EBA8$UX$STANDARDLIB$REQ8$PRES8$EABIv2 0x00000000   Number         0  anon$$obj.o ABSOLUTE
    __ARM_use_no_argv                        0x00000000   Number         0  main.o ABSOLUTE
    __ARM_exceptions_init                     - Undefined Weak Reference
    __alloca_initialize                       - Undefined Weak Reference
    __arm_fini_                               - Undefined Weak Reference
    __arm_preinit_                            - Undefined Weak Reference
    __cpp_initialize__aeabi_                  - Undefined Weak Reference
    __cxa_finalize                            - Undefined Weak Reference
    __rt_locale                               - Undefined Weak Reference
    __sigvec_lookup                           - Undefined Weak Reference
    _atexit_init                              - Undefined Weak Reference
    _call_atexit_fns                          - Undefined Weak Reference
    _clock_init                               - Undefined Weak Reference
    _fp_trap_init                             - Undefined Weak Reference
    _fp_trap_shutdown                         - Undefined Weak Reference
    _get_lc_collate                           - Undefined Weak Reference
    _get_lc_ctype                             - Undefined Weak Reference
    _get_lc_monetary                          - Undefined Weak Reference
    _get_lc_numeric                           - Undefined Weak Reference
    _get_lc_time                              - Undefined Weak Reference
    _getenv_init                              - Undefined Weak Reference
    _handle_redirection                       - Undefined Weak Reference
    _init_alloc                               - Undefined Weak Reference
    _init_user_alloc                          - Undefined Weak Reference
    _initio                                   - Undefined Weak Reference
    _rand_init                                - Undefined Weak Reference
    _signal_finish                            - Undefined Weak Reference
    _signal_init                              - Undefined Weak Reference
    _terminate_alloc                          - Undefined Weak Reference
    _terminate_user_alloc                     - Undefined Weak Reference
    _terminateio                              - Undefined Weak Reference
    __Vectors_Size                           0x00000130   Number         0  startup_stm32f103xe.o ABSOLUTE
    __Vectors                                0x08000000   Data           4  startup_stm32f103xe.o(RESET)
    __Vectors_End                            0x08000130   Data           0  startup_stm32f103xe.o(RESET)
    __main                                   0x08000131   Thumb Code     8  __main.o(!!!main)
    __scatterload                            0x08000139   Thumb Code     0  __scatter.o(!!!scatter)
    __scatterload_rt2                        0x08000139   Thumb Code    44  __scatter.o(!!!scatter)
    __scatterload_rt2_thumb_only             0x08000139   Thumb Code     0  __scatter.o(!!!scatter)
    __scatterload_null                       0x08000147   Thumb Code     0  __scatter.o(!!!scatter)
    __scatterload_copy                       0x0800016d   Thumb Code    26  __scatter_copy.o(!!handler_copy)
    __scatterload_zeroinit                   0x08000189   Thumb Code    28  __scatter_zi.o(!!handler_zi)
    __rt_lib_init                            0x080001a5   Thumb Code     0  libinit.o(.ARM.Collect$$libinit$$00000000)
    __rt_lib_init_alloca_1                   0x080001a7   Thumb Code     0  libinit2.o(.ARM.Collect$$libinit$$0000002E)
    __rt_lib_init_argv_1                     0x080001a7   Thumb Code     0  libinit2.o(.ARM.Collect$$libinit$$0000002C)
    __rt_lib_init_atexit_1                   0x080001a7   Thumb Code     0  libinit2.o(.ARM.Collect$$libinit$$0000001B)
    __rt_lib_init_clock_1                    0x080001a7   Thumb Code     0  libinit2.o(.ARM.Collect$$libinit$$00000021)
    __rt_lib_init_cpp_1                      0x080001a7   Thumb Code     0  libinit2.o(.ARM.Collect$$libinit$$00000032)
    __rt_lib_init_exceptions_1               0x080001a7   Thumb Code     0  libinit2.o(.ARM.Collect$$libinit$$00000030)
    __rt_lib_init_fp_1                       0x080001a7   Thumb Code     0  libinit2.o(.ARM.Collect$$libinit$$00000002)
    __rt_lib_init_fp_trap_1                  0x080001a7   Thumb Code     0  libinit2.o(.ARM.Collect$$libinit$$0000001F)
    __rt_lib_init_getenv_1                   0x080001a7   Thumb Code     0  libinit2.o(.ARM.Collect$$libinit$$00000023)
    __rt_lib_init_heap_1                     0x080001a7   Thumb Code     0  libinit2.o(.ARM.Collect$$libinit$$0000000A)
    __rt_lib_init_lc_collate_1               0x080001a7   Thumb Code     0  libinit2.o(.ARM.Collect$$libinit$$00000011)
    __rt_lib_init_lc_ctype_1                 0x080001a7   Thumb Code     0  libinit2.o(.ARM.Collect$$libinit$$00000013)
    __rt_lib_init_lc_monetary_1              0x080001a7   Thumb Code     0  libinit2.o(.ARM.Collect$$libinit$$00000015)
    __rt_lib_init_lc_numeric_1               0x080001a7   Thumb Code     0  libinit2.o(.ARM.Collect$$libinit$$00000017)
    __rt_lib_init_lc_time_1                  0x080001a7   Thumb Code     0  libinit2.o(.ARM.Collect$$libinit$$00000019)
    __rt_lib_init_preinit_1                  0x080001a7   Thumb Code     0  libinit2.o(.ARM.Collect$$libinit$$00000004)
    __rt_lib_init_rand_1                     0x080001a7   Thumb Code     0  libinit2.o(.ARM.Collect$$libinit$$0000000E)
    __rt_lib_init_return                     0x080001a7   Thumb Code     0  libinit2.o(.ARM.Collect$$libinit$$00000033)
    __rt_lib_init_signal_1                   0x080001a7   Thumb Code     0  libinit2.o(.ARM.Collect$$libinit$$0000001D)
    __rt_lib_init_stdio_1                    0x080001a7   Thumb Code     0  libinit2.o(.ARM.Collect$$libinit$$00000025)
    __rt_lib_init_user_alloc_1               0x080001a7   Thumb Code     0  libinit2.o(.ARM.Collect$$libinit$$0000000C)
    __rt_lib_shutdown                        0x080001a9   Thumb Code     0  libshutdown.o(.ARM.Collect$$libshutdown$$00000000)
    __rt_lib_shutdown_cpp_1                  0x080001ab   Thumb Code     0  libshutdown2.o(.ARM.Collect$$libshutdown$$00000004)
    __rt_lib_shutdown_fini_1                 0x080001ab   Thumb Code     0  libshutdown2.o(.ARM.Collect$$libshutdown$$00000002)
    __rt_lib_shutdown_fp_trap_1              0x080001ab   Thumb Code     0  libshutdown2.o(.ARM.Collect$$libshutdown$$00000009)
    __rt_lib_shutdown_heap_1                 0x080001ab   Thumb Code     0  libshutdown2.o(.ARM.Collect$$libshutdown$$00000011)
    __rt_lib_shutdown_return                 0x080001ab   Thumb Code     0  libshutdown2.o(.ARM.Collect$$libshutdown$$00000012)
    __rt_lib_shutdown_signal_1               0x080001ab   Thumb Code     0  libshutdown2.o(.ARM.Collect$$libshutdown$$0000000C)
    __rt_lib_shutdown_stdio_1                0x080001ab   Thumb Code     0  libshutdown2.o(.ARM.Collect$$libshutdown$$00000006)
    __rt_lib_shutdown_user_alloc_1           0x080001ab   Thumb Code     0  libshutdown2.o(.ARM.Collect$$libshutdown$$0000000E)
    __rt_entry                               0x080001ad   Thumb Code     0  __rtentry.o(.ARM.Collect$$rtentry$$00000000)
    __rt_entry_presh_1                       0x080001ad   Thumb Code     0  __rtentry2.o(.ARM.Collect$$rtentry$$00000002)
    __rt_entry_sh                            0x080001ad   Thumb Code     0  __rtentry4.o(.ARM.Collect$$rtentry$$00000004)
    __rt_entry_li                            0x080001b3   Thumb Code     0  __rtentry2.o(.ARM.Collect$$rtentry$$0000000A)
    __rt_entry_postsh_1                      0x080001b3   Thumb Code     0  __rtentry2.o(.ARM.Collect$$rtentry$$00000009)
    __rt_entry_main                          0x080001b7   Thumb Code     0  __rtentry2.o(.ARM.Collect$$rtentry$$0000000D)
    __rt_entry_postli_1                      0x080001b7   Thumb Code     0  __rtentry2.o(.ARM.Collect$$rtentry$$0000000C)
    __rt_exit                                0x080001bf   Thumb Code     0  rtexit.o(.ARM.Collect$$rtexit$$00000000)
    __rt_exit_ls                             0x080001c1   Thumb Code     0  rtexit2.o(.ARM.Collect$$rtexit$$00000003)
    __rt_exit_prels_1                        0x080001c1   Thumb Code     0  rtexit2.o(.ARM.Collect$$rtexit$$00000002)
    __rt_exit_exit                           0x080001c5   Thumb Code     0  rtexit2.o(.ARM.Collect$$rtexit$$00000004)
    SVC_Handler                              0x080001cd   Thumb Code    32  port.o(.emb_text)
    __asm___6_port_c_39a90d8d__prvStartFirstTask 0x080001f1   Thumb Code    28  port.o(.emb_text)
    PendSV_Handler                           0x08000211   Thumb Code    72  port.o(.emb_text)
    vPortGetIPSR                             0x0800025d   Thumb Code     6  port.o(.emb_text)
    Reset_Handler                            0x08000265   Thumb Code     8  startup_stm32f103xe.o(.text)
    ADC1_2_IRQHandler                        0x0800027f   Thumb Code     0  startup_stm32f103xe.o(.text)
    ADC3_IRQHandler                          0x0800027f   Thumb Code     0  startup_stm32f103xe.o(.text)
    CAN1_RX1_IRQHandler                      0x0800027f   Thumb Code     0  startup_stm32f103xe.o(.text)
    CAN1_SCE_IRQHandler                      0x0800027f   Thumb Code     0  startup_stm32f103xe.o(.text)
    DMA1_Channel1_IRQHandler                 0x0800027f   Thumb Code     0  startup_stm32f103xe.o(.text)
    DMA1_Channel4_IRQHandler                 0x0800027f   Thumb Code     0  startup_stm32f103xe.o(.text)
    DMA1_Channel5_IRQHandler                 0x0800027f   Thumb Code     0  startup_stm32f103xe.o(.text)
    DMA1_Channel6_IRQHandler                 0x0800027f   Thumb Code     0  startup_stm32f103xe.o(.text)
    DMA1_Channel7_IRQHandler                 0x0800027f   Thumb Code     0  startup_stm32f103xe.o(.text)
    DMA2_Channel1_IRQHandler                 0x0800027f   Thumb Code     0  startup_stm32f103xe.o(.text)
    DMA2_Channel2_IRQHandler                 0x0800027f   Thumb Code     0  startup_stm32f103xe.o(.text)
    DMA2_Channel3_IRQHandler                 0x0800027f   Thumb Code     0  startup_stm32f103xe.o(.text)
    DMA2_Channel4_5_IRQHandler               0x0800027f   Thumb Code     0  startup_stm32f103xe.o(.text)
    EXTI0_IRQHandler                         0x0800027f   Thumb Code     0  startup_stm32f103xe.o(.text)
    EXTI15_10_IRQHandler                     0x0800027f   Thumb Code     0  startup_stm32f103xe.o(.text)
    EXTI1_IRQHandler                         0x0800027f   Thumb Code     0  startup_stm32f103xe.o(.text)
    EXTI2_IRQHandler                         0x0800027f   Thumb Code     0  startup_stm32f103xe.o(.text)
    EXTI3_IRQHandler                         0x0800027f   Thumb Code     0  startup_stm32f103xe.o(.text)
    EXTI4_IRQHandler                         0x0800027f   Thumb Code     0  startup_stm32f103xe.o(.text)
    EXTI9_5_IRQHandler                       0x0800027f   Thumb Code     0  startup_stm32f103xe.o(.text)
    FLASH_IRQHandler                         0x0800027f   Thumb Code     0  startup_stm32f103xe.o(.text)
    FSMC_IRQHandler                          0x0800027f   Thumb Code     0  startup_stm32f103xe.o(.text)
    I2C1_ER_IRQHandler                       0x0800027f   Thumb Code     0  startup_stm32f103xe.o(.text)
    I2C1_EV_IRQHandler                       0x0800027f   Thumb Code     0  startup_stm32f103xe.o(.text)
    I2C2_ER_IRQHandler                       0x0800027f   Thumb Code     0  startup_stm32f103xe.o(.text)
    I2C2_EV_IRQHandler                       0x0800027f   Thumb Code     0  startup_stm32f103xe.o(.text)
    PVD_IRQHandler                           0x0800027f   Thumb Code     0  startup_stm32f103xe.o(.text)
    RCC_IRQHandler                           0x0800027f   Thumb Code     0  startup_stm32f103xe.o(.text)
    RTC_Alarm_IRQHandler                     0x0800027f   Thumb Code     0  startup_stm32f103xe.o(.text)
    RTC_IRQHandler                           0x0800027f   Thumb Code     0  startup_stm32f103xe.o(.text)
    SDIO_IRQHandler                          0x0800027f   Thumb Code     0  startup_stm32f103xe.o(.text)
    SPI1_IRQHandler                          0x0800027f   Thumb Code     0  startup_stm32f103xe.o(.text)
    SPI2_IRQHandler                          0x0800027f   Thumb Code     0  startup_stm32f103xe.o(.text)
    SPI3_IRQHandler                          0x0800027f   Thumb Code     0  startup_stm32f103xe.o(.text)
    TAMPER_IRQHandler                        0x0800027f   Thumb Code     0  startup_stm32f103xe.o(.text)
    TIM1_BRK_IRQHandler                      0x0800027f   Thumb Code     0  startup_stm32f103xe.o(.text)
    TIM1_CC_IRQHandler                       0x0800027f   Thumb Code     0  startup_stm32f103xe.o(.text)
    TIM1_TRG_COM_IRQHandler                  0x0800027f   Thumb Code     0  startup_stm32f103xe.o(.text)
    TIM1_UP_IRQHandler                       0x0800027f   Thumb Code     0  startup_stm32f103xe.o(.text)
    TIM6_IRQHandler                          0x0800027f   Thumb Code     0  startup_stm32f103xe.o(.text)
    TIM8_BRK_IRQHandler                      0x0800027f   Thumb Code     0  startup_stm32f103xe.o(.text)
    TIM8_CC_IRQHandler                       0x0800027f   Thumb Code     0  startup_stm32f103xe.o(.text)
    TIM8_TRG_COM_IRQHandler                  0x0800027f   Thumb Code     0  startup_stm32f103xe.o(.text)
    TIM8_UP_IRQHandler                       0x0800027f   Thumb Code     0  startup_stm32f103xe.o(.text)
    UART4_IRQHandler                         0x0800027f   Thumb Code     0  startup_stm32f103xe.o(.text)
    UART5_IRQHandler                         0x0800027f   Thumb Code     0  startup_stm32f103xe.o(.text)
    USART1_IRQHandler                        0x0800027f   Thumb Code     0  startup_stm32f103xe.o(.text)
    USART2_IRQHandler                        0x0800027f   Thumb Code     0  startup_stm32f103xe.o(.text)
    USBWakeUp_IRQHandler                     0x0800027f   Thumb Code     0  startup_stm32f103xe.o(.text)
    USB_HP_CAN1_TX_IRQHandler                0x0800027f   Thumb Code     0  startup_stm32f103xe.o(.text)
    USB_LP_CAN1_RX0_IRQHandler               0x0800027f   Thumb Code     0  startup_stm32f103xe.o(.text)
    WWDG_IRQHandler                          0x0800027f   Thumb Code     0  startup_stm32f103xe.o(.text)
    __user_initial_stackheap                 0x08000281   Thumb Code     0  startup_stm32f103xe.o(.text)
    __aeabi_memcpy4                          0x080002a5   Thumb Code     0  rt_memcpy_w.o(.text)
    __aeabi_memcpy8                          0x080002a5   Thumb Code     0  rt_memcpy_w.o(.text)
    __rt_memcpy_w                            0x080002a5   Thumb Code   100  rt_memcpy_w.o(.text)
    _memcpy_lastbytes_aligned                0x080002ed   Thumb Code     0  rt_memcpy_w.o(.text)
    __aeabi_memclr4                          0x08000309   Thumb Code     0  rt_memclr_w.o(.text)
    __aeabi_memclr8                          0x08000309   Thumb Code     0  rt_memclr_w.o(.text)
    __rt_memclr_w                            0x08000309   Thumb Code    78  rt_memclr_w.o(.text)
    _memset_w                                0x0800030d   Thumb Code     0  rt_memclr_w.o(.text)
    __use_two_region_memory                  0x08000357   Thumb Code     2  heapauxi.o(.text)
    __rt_heap_escrow$2region                 0x08000359   Thumb Code     2  heapauxi.o(.text)
    __rt_heap_expand$2region                 0x0800035b   Thumb Code     2  heapauxi.o(.text)
    __read_errno                             0x0800035d   Thumb Code    10  _rserrno.o(.text)
    __set_errno                              0x08000367   Thumb Code    12  _rserrno.o(.text)
    __aeabi_errno_addr                       0x08000375   Thumb Code     8  rt_errno_addr_intlibspace.o(.text)
    __errno$intlibspace                      0x08000375   Thumb Code     0  rt_errno_addr_intlibspace.o(.text)
    __rt_errno_addr$intlibspace              0x08000375   Thumb Code     0  rt_errno_addr_intlibspace.o(.text)
    __user_libspace                          0x0800037d   Thumb Code     8  libspace.o(.text)
    __user_perproc_libspace                  0x0800037d   Thumb Code     0  libspace.o(.text)
    __user_perthread_libspace                0x0800037d   Thumb Code     0  libspace.o(.text)
    __user_setup_stackheap                   0x08000385   Thumb Code    74  sys_stackheap_outer.o(.text)
    exit                                     0x080003cf   Thumb Code    18  exit.o(.text)
    _sys_exit                                0x080003e1   Thumb Code     8  sys_exit.o(.text)
    __I$use$semihosting                      0x080003ed   Thumb Code     0  use_no_semi.o(.text)
    __use_no_semihosting_swi                 0x080003ed   Thumb Code     2  use_no_semi.o(.text)
    BusFault_Handler                         0x080003ef   Thumb Code     4  stm32f1xx_it.o(i.BusFault_Handler)
    __semihosting_library_function           0x080003ef   Thumb Code     0  indicate_semi.o(.text)
    DMA1_Channel2_IRQHandler                 0x080005d5   Thumb Code    10  stm32f1xx_it.o(i.DMA1_Channel2_IRQHandler)
    DMA1_Channel3_IRQHandler                 0x080005e5   Thumb Code    10  stm32f1xx_it.o(i.DMA1_Channel3_IRQHandler)
    DebugMon_Handler                         0x08000621   Thumb Code     2  stm32f1xx_it.o(i.DebugMon_Handler)
    Error_Handler                            0x08000623   Thumb Code     6  main.o(i.Error_Handler)
    HAL_DMA_Abort                            0x08000629   Thumb Code    86  stm32f1xx_hal_dma.o(i.HAL_DMA_Abort)
    HAL_DMA_Abort_IT                         0x08000681   Thumb Code   414  stm32f1xx_hal_dma.o(i.HAL_DMA_Abort_IT)
    HAL_DMA_IRQHandler                       0x08000829   Thumb Code   910  stm32f1xx_hal_dma.o(i.HAL_DMA_IRQHandler)
    HAL_DMA_Init                             0x08000bc1   Thumb Code   132  stm32f1xx_hal_dma.o(i.HAL_DMA_Init)
    HAL_DMA_Start_IT                         0x08000c4d   Thumb Code   156  stm32f1xx_hal_dma.o(i.HAL_DMA_Start_IT)
    HAL_GPIO_Init                            0x08000ce9   Thumb Code   792  stm32f1xx_hal_gpio.o(i.HAL_GPIO_Init)
    HAL_GPIO_WritePin                        0x08001029   Thumb Code    12  stm32f1xx_hal_gpio.o(i.HAL_GPIO_WritePin)
    HAL_GetTick                              0x08001035   Thumb Code     6  stm32f1xx_hal.o(i.HAL_GetTick)
    HAL_IncTick                              0x08001041   Thumb Code    16  stm32f1xx_hal.o(i.HAL_IncTick)
    HAL_Init                                 0x08001059   Thumb Code    34  stm32f1xx_hal.o(i.HAL_Init)
    HAL_InitTick                             0x08001081   Thumb Code   158  stm32f1xx_hal_timebase_tim.o(i.HAL_InitTick)
    HAL_MspInit                              0x08001135   Thumb Code    86  stm32f1xx_hal_msp.o(i.HAL_MspInit)
    HAL_NVIC_EnableIRQ                       0x08001195   Thumb Code    32  stm32f1xx_hal_cortex.o(i.HAL_NVIC_EnableIRQ)
    HAL_NVIC_SetPriority                     0x080011b5   Thumb Code   124  stm32f1xx_hal_cortex.o(i.HAL_NVIC_SetPriority)
    HAL_NVIC_SetPriorityGrouping             0x08001231   Thumb Code    32  stm32f1xx_hal_cortex.o(i.HAL_NVIC_SetPriorityGrouping)
    HAL_RCC_ClockConfig                      0x08001259   Thumb Code   376  stm32f1xx_hal_rcc.o(i.HAL_RCC_ClockConfig)
    HAL_RCC_GetClockConfig                   0x080013e5   Thumb Code    58  stm32f1xx_hal_rcc.o(i.HAL_RCC_GetClockConfig)
    HAL_RCC_GetHCLKFreq                      0x08001429   Thumb Code     6  stm32f1xx_hal_rcc.o(i.HAL_RCC_GetHCLKFreq)
    HAL_RCC_GetPCLK1Freq                     0x08001435   Thumb Code    22  stm32f1xx_hal_rcc.o(i.HAL_RCC_GetPCLK1Freq)
    HAL_RCC_GetPCLK2Freq                     0x08001455   Thumb Code    22  stm32f1xx_hal_rcc.o(i.HAL_RCC_GetPCLK2Freq)
    HAL_RCC_GetSysClockFreq                  0x08001475   Thumb Code    92  stm32f1xx_hal_rcc.o(i.HAL_RCC_GetSysClockFreq)
    HAL_RCC_OscConfig                        0x080014e5   Thumb Code  1114  stm32f1xx_hal_rcc.o(i.HAL_RCC_OscConfig)
    HAL_TIMEx_BreakCallback                  0x08001949   Thumb Code     2  stm32f1xx_hal_tim_ex.o(i.HAL_TIMEx_BreakCallback)
    HAL_TIMEx_CommutCallback                 0x0800194b   Thumb Code     2  stm32f1xx_hal_tim_ex.o(i.HAL_TIMEx_CommutCallback)
    HAL_TIMEx_ConfigBreakDeadTime            0x0800194d   Thumb Code   116  stm32f1xx_hal_tim_ex.o(i.HAL_TIMEx_ConfigBreakDeadTime)
    HAL_TIMEx_MasterConfigSynchronization    0x080019c1   Thumb Code   134  stm32f1xx_hal_tim_ex.o(i.HAL_TIMEx_MasterConfigSynchronization)
    HAL_TIM_Base_Init                        0x08001a5d   Thumb Code   102  stm32f1xx_hal_tim.o(i.HAL_TIM_Base_Init)
    HAL_TIM_Base_MspInit                     0x08001ac5   Thumb Code    76  tim.o(i.HAL_TIM_Base_MspInit)
    HAL_TIM_Base_Start_IT                    0x08001b1d   Thumb Code   122  stm32f1xx_hal_tim.o(i.HAL_TIM_Base_Start_IT)
    HAL_TIM_ConfigClockSource                0x08001bad   Thumb Code   268  stm32f1xx_hal_tim.o(i.HAL_TIM_ConfigClockSource)
    HAL_TIM_Encoder_Init                     0x08001cb9   Thumb Code   196  stm32f1xx_hal_tim.o(i.HAL_TIM_Encoder_Init)
    HAL_TIM_Encoder_MspInit                  0x08001d7d   Thumb Code   478  tim.o(i.HAL_TIM_Encoder_MspInit)
    HAL_TIM_Encoder_Start                    0x08001f79   Thumb Code   204  stm32f1xx_hal_tim.o(i.HAL_TIM_Encoder_Start)
    HAL_TIM_IC_CaptureCallback               0x08002045   Thumb Code     2  stm32f1xx_hal_tim.o(i.HAL_TIM_IC_CaptureCallback)
    HAL_TIM_IRQHandler                       0x08002047   Thumb Code   406  stm32f1xx_hal_tim.o(i.HAL_TIM_IRQHandler)
    HAL_TIM_MspPostInit                      0x080021dd   Thumb Code   132  tim.o(i.HAL_TIM_MspPostInit)
    HAL_TIM_OC_DelayElapsedCallback          0x08002275   Thumb Code     2  stm32f1xx_hal_tim.o(i.HAL_TIM_OC_DelayElapsedCallback)
    HAL_TIM_PWM_ConfigChannel                0x08002277   Thumb Code   260  stm32f1xx_hal_tim.o(i.HAL_TIM_PWM_ConfigChannel)
    HAL_TIM_PWM_Init                         0x0800237b   Thumb Code   102  stm32f1xx_hal_tim.o(i.HAL_TIM_PWM_Init)
    HAL_TIM_PWM_MspInit                      0x080023e1   Thumb Code     2  stm32f1xx_hal_tim.o(i.HAL_TIM_PWM_MspInit)
    HAL_TIM_PWM_PulseFinishedCallback        0x080023e3   Thumb Code     2  stm32f1xx_hal_tim.o(i.HAL_TIM_PWM_PulseFinishedCallback)
    HAL_TIM_PWM_Start                        0x080023e5   Thumb Code   222  stm32f1xx_hal_tim.o(i.HAL_TIM_PWM_Start)
    HAL_TIM_PeriodElapsedCallback            0x080024d9   Thumb Code    18  main.o(i.HAL_TIM_PeriodElapsedCallback)
    HAL_TIM_TriggerCallback                  0x080024f1   Thumb Code     2  stm32f1xx_hal_tim.o(i.HAL_TIM_TriggerCallback)
    HAL_UARTEx_RxEventCallback               0x080024f3   Thumb Code     2  stm32f1xx_hal_uart.o(i.HAL_UARTEx_RxEventCallback)
    HAL_UART_ErrorCallback                   0x080024f5   Thumb Code     2  stm32f1xx_hal_uart.o(i.HAL_UART_ErrorCallback)
    HAL_UART_IRQHandler                      0x080024f9   Thumb Code   736  stm32f1xx_hal_uart.o(i.HAL_UART_IRQHandler)
    HAL_UART_Init                            0x080027dd   Thumb Code   118  stm32f1xx_hal_uart.o(i.HAL_UART_Init)
    HAL_UART_MspInit                         0x08002855   Thumb Code   240  usart.o(i.HAL_UART_MspInit)
    HAL_UART_Receive_DMA                     0x0800295d   Thumb Code    44  stm32f1xx_hal_uart.o(i.HAL_UART_Receive_DMA)
    HAL_UART_RxCpltCallback                  0x08002989   Thumb Code    28  main.o(i.HAL_UART_RxCpltCallback)
    HAL_UART_RxHalfCpltCallback              0x080029ad   Thumb Code     2  stm32f1xx_hal_uart.o(i.HAL_UART_RxHalfCpltCallback)
    HAL_UART_TxCpltCallback                  0x080029af   Thumb Code     2  stm32f1xx_hal_uart.o(i.HAL_UART_TxCpltCallback)
    HardFault_Handler                        0x080029b1   Thumb Code     4  stm32f1xx_it.o(i.HardFault_Handler)
    MX_DMA_Init                              0x080029b5   Thumb Code    64  dma.o(i.MX_DMA_Init)
    MX_FREERTOS_Init                         0x080029f9   Thumb Code    78  freertos.o(i.MX_FREERTOS_Init)
    MX_GPIO_Init                             0x08002a59   Thumb Code   196  gpio.o(i.MX_GPIO_Init)
    MX_TIM1_Init                             0x08002b29   Thumb Code   208  tim.o(i.MX_TIM1_Init)
    MX_TIM2_Init                             0x08002c01   Thumb Code   116  tim.o(i.MX_TIM2_Init)
    MX_TIM3_Init                             0x08002c79   Thumb Code   114  tim.o(i.MX_TIM3_Init)
    MX_TIM4_Init                             0x08002cf5   Thumb Code   114  tim.o(i.MX_TIM4_Init)
    MX_TIM5_Init                             0x08002d71   Thumb Code   114  tim.o(i.MX_TIM5_Init)
    MX_TIM8_Init                             0x08002ded   Thumb Code   254  tim.o(i.MX_TIM8_Init)
    MX_USART3_UART_Init                      0x08002ef5   Thumb Code    46  usart.o(i.MX_USART3_UART_Init)
    MemManage_Handler                        0x08002f2d   Thumb Code     4  stm32f1xx_it.o(i.MemManage_Handler)
    Motor_Init                               0x08003099   Thumb Code    86  motor.o(i.Motor_Init)
    NMI_Handler                              0x0800320d   Thumb Code     4  stm32f1xx_it.o(i.NMI_Handler)
    PID_Calc                                 0x08003211   Thumb Code   372  pid.o(i.PID_Calc)
    PID_Init                                 0x08003385   Thumb Code   104  pid.o(i.PID_Init)
    StartDefaultTask                         0x08003415   Thumb Code    10  freertos.o(i.StartDefaultTask)
    StartchassisTask                         0x08003421   Thumb Code    76  chassis_task.o(i.StartchassisTask)
    StartseizeTask                           0x08003471   Thumb Code    18  seize_task.o(i.StartseizeTask)
    SysTick_Handler                          0x08003489   Thumb Code    46  port.o(i.SysTick_Handler)
    SystemClock_Config                       0x080034bd   Thumb Code   102  main.o(i.SystemClock_Config)
    SystemInit                               0x08003523   Thumb Code     2  system_stm32f1xx.o(i.SystemInit)
    TIM2_IRQHandler                          0x08003525   Thumb Code    10  stm32f1xx_it.o(i.TIM2_IRQHandler)
    TIM3_IRQHandler                          0x08003535   Thumb Code    10  stm32f1xx_it.o(i.TIM3_IRQHandler)
    TIM4_IRQHandler                          0x08003545   Thumb Code    10  stm32f1xx_it.o(i.TIM4_IRQHandler)
    TIM5_IRQHandler                          0x08003555   Thumb Code    10  stm32f1xx_it.o(i.TIM5_IRQHandler)
    TIM7_IRQHandler                          0x08003565   Thumb Code    10  stm32f1xx_it.o(i.TIM7_IRQHandler)
    TIM_Base_SetConfig                       0x08003575   Thumb Code   134  stm32f1xx_hal_tim.o(i.TIM_Base_SetConfig)
    TIM_CCxChannelCmd                        0x08003611   Thumb Code    34  stm32f1xx_hal_tim.o(i.TIM_CCxChannelCmd)
    TIM_ETR_SetConfig                        0x08003633   Thumb Code    22  stm32f1xx_hal_tim.o(i.TIM_ETR_SetConfig)
    TIM_OC2_SetConfig                        0x080036cd   Thumb Code   114  stm32f1xx_hal_tim.o(i.TIM_OC2_SetConfig)
    UART_Start_Receive_DMA                   0x08003c49   Thumb Code   186  stm32f1xx_hal_uart.o(i.UART_Start_Receive_DMA)
    USART3_IRQHandler                        0x08003d71   Thumb Code    10  stm32f1xx_it.o(i.USART3_IRQHandler)
    UsageFault_Handler                       0x08003d81   Thumb Code     4  stm32f1xx_it.o(i.UsageFault_Handler)
    __ARM_fpclassify                         0x08003d85   Thumb Code    40  fpclassify.o(i.__ARM_fpclassify)
    __ieee754_rem_pio2                       0x08003de5   Thumb Code   828  rred.o(i.__ieee754_rem_pio2)
    __kernel_cos                             0x0800416d   Thumb Code   230  cos_i.o(i.__kernel_cos)
    __kernel_poly                            0x08004269   Thumb Code   170  poly.o(i.__kernel_poly)
    __kernel_sin                             0x08004315   Thumb Code   224  sin_i.o(i.__kernel_sin)
    __mathlib_dbl_infnan                     0x08004401   Thumb Code     6  dunder.o(i.__mathlib_dbl_infnan)
    __mathlib_dbl_invalid                    0x08004407   Thumb Code    12  dunder.o(i.__mathlib_dbl_invalid)
    __mathlib_dbl_underflow                  0x08004415   Thumb Code    10  dunder.o(i.__mathlib_dbl_underflow)
    cos                                      0x08004425   Thumb Code   148  cos.o(i.cos)
    degree_to_rad                            0x080044c1   Thumb Code    28  ble_remote.o(i.degree_to_rad)
    get_remote_control_point                 0x080044e5   Thumb Code     4  ble_remote.o(i.get_remote_control_point)
    main                                     0x080044ed   Thumb Code    78  main.o(i.main)
    osDelay                                  0x08004557   Thumb Code    24  cmsis_os.o(i.osDelay)
    osDelayUntil                             0x0800456f   Thumb Code    28  cmsis_os.o(i.osDelayUntil)
    osKernelStart                            0x0800458b   Thumb Code    10  cmsis_os.o(i.osKernelStart)
    osThreadCreate                           0x08004595   Thumb Code    94  cmsis_os.o(i.osThreadCreate)
    pvPortMalloc                             0x08004a6d   Thumb Code   296  heap_4.o(i.pvPortMalloc)
    pxPortInitialiseStack                    0x08004ba9   Thumb Code    30  port.o(i.pxPortInitialiseStack)
    sin                                      0x08004bcd   Thumb Code   150  sin.o(i.sin)
    uart_to_remote                           0x08004c6d   Thumb Code   130  ble_remote.o(i.uart_to_remote)
    uart_to_rocker                           0x08004cf5   Thumb Code   226  ble_remote.o(i.uart_to_rocker)
    uxListRemove                             0x08004dd7   Thumb Code    40  list.o(i.uxListRemove)
    vApplicationGetIdleTaskMemory            0x08004e01   Thumb Code    14  freertos.o(i.vApplicationGetIdleTaskMemory)
    vListInitialise                          0x08004e19   Thumb Code    26  list.o(i.vListInitialise)
    vListInitialiseItem                      0x08004e33   Thumb Code     6  list.o(i.vListInitialiseItem)
    vListInsert                              0x08004e39   Thumb Code    52  list.o(i.vListInsert)
    vListInsertEnd                           0x08004e6d   Thumb Code    24  list.o(i.vListInsertEnd)
    vPortEnterCritical                       0x08004e85   Thumb Code    76  port.o(i.vPortEnterCritical)
    vPortExitCritical                        0x08004ed9   Thumb Code    56  port.o(i.vPortExitCritical)
    vPortFree                                0x08004f15   Thumb Code   140  heap_4.o(i.vPortFree)
    vPortSetupTimerInterrupt                 0x08004fa9   Thumb Code    36  port.o(i.vPortSetupTimerInterrupt)
    vTaskDelay                               0x08004fd1   Thumb Code    82  tasks.o(i.vTaskDelay)
    vTaskDelayUntil                          0x0800502d   Thumb Code   200  tasks.o(i.vTaskDelayUntil)
    vTaskStartScheduler                      0x08005101   Thumb Code   146  tasks.o(i.vTaskStartScheduler)
    vTaskSuspendAll                          0x080051b1   Thumb Code    12  tasks.o(i.vTaskSuspendAll)
    vTaskSwitchContext                       0x080051c1   Thumb Code   118  tasks.o(i.vTaskSwitchContext)
    xPortStartScheduler                      0x0800524d   Thumb Code   228  port.o(i.xPortStartScheduler)
    xTaskCreate                              0x08005345   Thumb Code   100  tasks.o(i.xTaskCreate)
    xTaskCreateStatic                        0x080053a9   Thumb Code   184  tasks.o(i.xTaskCreateStatic)
    xTaskGetTickCount                        0x08005461   Thumb Code     6  tasks.o(i.xTaskGetTickCount)
    xTaskIncrementTick                       0x0800546d   Thumb Code   282  tasks.o(i.xTaskIncrementTick)
    xTaskResumeAll                           0x080055b5   Thumb Code   224  tasks.o(i.xTaskResumeAll)
    __aeabi_d2f                              0x080056b9   Thumb Code     0  d2f.o(x$fpl$d2f)
    _d2f                                     0x080056b9   Thumb Code    98  d2f.o(x$fpl$d2f)
    __aeabi_dadd                             0x0800571d   Thumb Code     0  daddsub_clz.o(x$fpl$dadd)
    _dadd                                    0x0800571d   Thumb Code   332  daddsub_clz.o(x$fpl$dadd)
    __fpl_dcheck_NaN1                        0x0800586d   Thumb Code    10  dcheck1.o(x$fpl$dcheck1)
    __aeabi_ddiv                             0x0800587d   Thumb Code     0  ddiv.o(x$fpl$ddiv)
    _ddiv                                    0x0800587d   Thumb Code   552  ddiv.o(x$fpl$ddiv)
    __aeabi_d2iz                             0x08005b2d   Thumb Code     0  dfix.o(x$fpl$dfix)
    _dfix                                    0x08005b2d   Thumb Code    94  dfix.o(x$fpl$dfix)
    __aeabi_d2uiz                            0x08005b8d   Thumb Code     0  dfixu.o(x$fpl$dfixu)
    _dfixu                                   0x08005b8d   Thumb Code    90  dfixu.o(x$fpl$dfixu)
    __aeabi_i2d                              0x08005be7   Thumb Code     0  dflt_clz.o(x$fpl$dflt)
    _dflt                                    0x08005be7   Thumb Code    46  dflt_clz.o(x$fpl$dflt)
    __aeabi_ui2d                             0x08005c15   Thumb Code     0  dflt_clz.o(x$fpl$dfltu)
    _dfltu                                   0x08005c15   Thumb Code    38  dflt_clz.o(x$fpl$dfltu)
    __aeabi_dmul                             0x08005c3d   Thumb Code     0  dmul.o(x$fpl$dmul)
    _dmul                                    0x08005c3d   Thumb Code   332  dmul.o(x$fpl$dmul)
    __fpl_dnaninf                            0x08005d91   Thumb Code   156  dnaninf.o(x$fpl$dnaninf)
    __fpl_dretinf                            0x08005e2d   Thumb Code    12  dretinf.o(x$fpl$dretinf)
    __aeabi_drsub                            0x08005e39   Thumb Code     0  daddsub_clz.o(x$fpl$drsb)
    _drsb                                    0x08005e39   Thumb Code    22  daddsub_clz.o(x$fpl$drsb)
    __aeabi_dsub                             0x08005e51   Thumb Code     0  daddsub_clz.o(x$fpl$dsub)
    _dsub                                    0x08005e51   Thumb Code   464  daddsub_clz.o(x$fpl$dsub)
    __aeabi_f2d                              0x08006025   Thumb Code     0  f2d.o(x$fpl$f2d)
    _f2d                                     0x08006025   Thumb Code    86  f2d.o(x$fpl$f2d)
    __aeabi_fadd                             0x0800607d   Thumb Code     0  faddsub_clz.o(x$fpl$fadd)
    _fadd                                    0x0800607d   Thumb Code   196  faddsub_clz.o(x$fpl$fadd)
    __aeabi_fdiv                             0x08006141   Thumb Code     0  fdiv.o(x$fpl$fdiv)
    _fdiv                                    0x08006141   Thumb Code   384  fdiv.o(x$fpl$fdiv)
    __aeabi_f2iz                             0x080062c5   Thumb Code     0  ffix.o(x$fpl$ffix)
    _ffix                                    0x080062c5   Thumb Code    54  ffix.o(x$fpl$ffix)
    __aeabi_i2f                              0x080062fd   Thumb Code     0  fflt_clz.o(x$fpl$fflt)
    _fflt                                    0x080062fd   Thumb Code    48  fflt_clz.o(x$fpl$fflt)
    __aeabi_fmul                             0x0800632d   Thumb Code     0  fmul.o(x$fpl$fmul)
    _fmul                                    0x0800632d   Thumb Code   258  fmul.o(x$fpl$fmul)
    __fpl_fnaninf                            0x0800642f   Thumb Code   140  fnaninf.o(x$fpl$fnaninf)
    __fpl_fretinf                            0x080064bb   Thumb Code    10  fretinf.o(x$fpl$fretinf)
    __aeabi_fsub                             0x080064c5   Thumb Code     0  faddsub_clz.o(x$fpl$fsub)
    _fsub                                    0x080064c5   Thumb Code   234  faddsub_clz.o(x$fpl$fsub)
    __fpl_return_NaN                         0x080065af   Thumb Code   100  retnan.o(x$fpl$retnan)
    __ARM_scalbn                             0x08006613   Thumb Code    92  scalbn.o(x$fpl$scalbn)
    __fpl_cmpreturn                          0x0800666f   Thumb Code    48  trapv.o(x$fpl$trapveneer)
    __I$use$fp                               0x0800669e   Number         0  usenofp.o(x$fpl$usenofp)
    AHBPrescTable                            0x08006706   Data          16  system_stm32f1xx.o(.constdata)
    APBPrescTable                            0x08006716   Data           8  system_stm32f1xx.o(.constdata)
    Region$$Table$$Base                      0x08006864   Number         0  anon$$obj.o(Region$$Table)
    Region$$Table$$Limit                     0x08006884   Number         0  anon$$obj.o(Region$$Table)
    defaultTaskHandle                        0x20000000   Data           4  freertos.o(.data)
    chassisTaskHandle                        0x20000004   Data           4  freertos.o(.data)
    seizeTaskHandle                          0x20000008   Data           4  freertos.o(.data)
    uwTick                                   0x2000000c   Data           4  stm32f1xx_hal.o(.data)
    uwTickPrio                               0x20000010   Data           4  stm32f1xx_hal.o(.data)
    uwTickFreq                               0x20000014   Data           1  stm32f1xx_hal.o(.data)
    SystemCoreClock                          0x20000018   Data           4  system_stm32f1xx.o(.data)
    pxCurrentTCB                             0x2000001c   Data           4  tasks.o(.data)
    data                                     0x2000007c   Data          11  main.o(.bss)
    htim1                                    0x200001dc   Data          72  tim.o(.bss)
    htim2                                    0x20000224   Data          72  tim.o(.bss)
    htim3                                    0x2000026c   Data          72  tim.o(.bss)
    htim4                                    0x200002b4   Data          72  tim.o(.bss)
    htim5                                    0x200002fc   Data          72  tim.o(.bss)
    htim8                                    0x20000344   Data          72  tim.o(.bss)
    huart3                                   0x2000038c   Data          72  usart.o(.bss)
    hdma_usart3_rx                           0x200003d4   Data          68  usart.o(.bss)
    hdma_usart3_tx                           0x20000418   Data          68  usart.o(.bss)
    htim7                                    0x2000045c   Data          72  stm32f1xx_hal_timebase_tim.o(.bss)
    chassis_                                 0x20001194   Data         548  chassis_task.o(.bss)
    remote                                   0x200013b8   Data          32  ble_remote.o(.bss)
    __libspace_start                         0x200013d8   Data          96  libspace.o(.bss)
    __temporary_stack_top$libspace           0x20001438   Data           0  libspace.o(.bss)



==============================================================================

Memory Map of the image

  Image Entry point : 0x08000131

  Load Region LR_IROM1 (Base: 0x08000000, Size: 0x00006900, Max: 0x00040000, ABSOLUTE)

    Execution Region ER_IROM1 (Exec base: 0x08000000, Load base: 0x08000000, Size: 0x00006884, Max: 0x00040000, ABSOLUTE)

    Exec Addr    Load Addr    Size         Type   Attr      Idx    E Section Name        Object

    0x08000000   0x08000000   0x00000130   Data   RO            3    RESET               startup_stm32f103xe.o
    0x08000130   0x08000130   0x00000008   Code   RO         4578  * !!!main             c_w.l(__main.o)
    0x08000138   0x08000138   0x00000034   Code   RO         4863    !!!scatter          c_w.l(__scatter.o)
    0x0800016c   0x0800016c   0x0000001a   Code   RO         4865    !!handler_copy      c_w.l(__scatter_copy.o)
    0x08000186   0x08000186   0x00000002   PAD
    0x08000188   0x08000188   0x0000001c   Code   RO         4867    !!handler_zi        c_w.l(__scatter_zi.o)
    0x080001a4   0x080001a4   0x00000002   Code   RO         4728    .ARM.Collect$$libinit$$00000000  c_w.l(libinit.o)
    0x080001a6   0x080001a6   0x00000000   Code   RO         4734    .ARM.Collect$$libinit$$00000002  c_w.l(libinit2.o)
    0x080001a6   0x080001a6   0x00000000   Code   RO         4736    .ARM.Collect$$libinit$$00000004  c_w.l(libinit2.o)
    0x080001a6   0x080001a6   0x00000000   Code   RO         4739    .ARM.Collect$$libinit$$0000000A  c_w.l(libinit2.o)
    0x080001a6   0x080001a6   0x00000000   Code   RO         4741    .ARM.Collect$$libinit$$0000000C  c_w.l(libinit2.o)
    0x080001a6   0x080001a6   0x00000000   Code   RO         4743    .ARM.Collect$$libinit$$0000000E  c_w.l(libinit2.o)
    0x080001a6   0x080001a6   0x00000000   Code   RO         4746    .ARM.Collect$$libinit$$00000011  c_w.l(libinit2.o)
    0x080001a6   0x080001a6   0x00000000   Code   RO         4748    .ARM.Collect$$libinit$$00000013  c_w.l(libinit2.o)
    0x080001a6   0x080001a6   0x00000000   Code   RO         4750    .ARM.Collect$$libinit$$00000015  c_w.l(libinit2.o)
    0x080001a6   0x080001a6   0x00000000   Code   RO         4752    .ARM.Collect$$libinit$$00000017  c_w.l(libinit2.o)
    0x080001a6   0x080001a6   0x00000000   Code   RO         4754    .ARM.Collect$$libinit$$00000019  c_w.l(libinit2.o)
    0x080001a6   0x080001a6   0x00000000   Code   RO         4756    .ARM.Collect$$libinit$$0000001B  c_w.l(libinit2.o)
    0x080001a6   0x080001a6   0x00000000   Code   RO         4758    .ARM.Collect$$libinit$$0000001D  c_w.l(libinit2.o)
    0x080001a6   0x080001a6   0x00000000   Code   RO         4760    .ARM.Collect$$libinit$$0000001F  c_w.l(libinit2.o)
    0x080001a6   0x080001a6   0x00000000   Code   RO         4762    .ARM.Collect$$libinit$$00000021  c_w.l(libinit2.o)
    0x080001a6   0x080001a6   0x00000000   Code   RO         4764    .ARM.Collect$$libinit$$00000023  c_w.l(libinit2.o)
    0x080001a6   0x080001a6   0x00000000   Code   RO         4766    .ARM.Collect$$libinit$$00000025  c_w.l(libinit2.o)
    0x080001a6   0x080001a6   0x00000000   Code   RO         4770    .ARM.Collect$$libinit$$0000002C  c_w.l(libinit2.o)
    0x080001a6   0x080001a6   0x00000000   Code   RO         4772    .ARM.Collect$$libinit$$0000002E  c_w.l(libinit2.o)
    0x080001a6   0x080001a6   0x00000000   Code   RO         4774    .ARM.Collect$$libinit$$00000030  c_w.l(libinit2.o)
    0x080001a6   0x080001a6   0x00000000   Code   RO         4776    .ARM.Collect$$libinit$$00000032  c_w.l(libinit2.o)
    0x080001a6   0x080001a6   0x00000002   Code   RO         4777    .ARM.Collect$$libinit$$00000033  c_w.l(libinit2.o)
    0x080001a8   0x080001a8   0x00000002   Code   RO         4801    .ARM.Collect$$libshutdown$$00000000  c_w.l(libshutdown.o)
    0x080001aa   0x080001aa   0x00000000   Code   RO         4814    .ARM.Collect$$libshutdown$$00000002  c_w.l(libshutdown2.o)
    0x080001aa   0x080001aa   0x00000000   Code   RO         4816    .ARM.Collect$$libshutdown$$00000004  c_w.l(libshutdown2.o)
    0x080001aa   0x080001aa   0x00000000   Code   RO         4818    .ARM.Collect$$libshutdown$$00000006  c_w.l(libshutdown2.o)
    0x080001aa   0x080001aa   0x00000000   Code   RO         4821    .ARM.Collect$$libshutdown$$00000009  c_w.l(libshutdown2.o)
    0x080001aa   0x080001aa   0x00000000   Code   RO         4824    .ARM.Collect$$libshutdown$$0000000C  c_w.l(libshutdown2.o)
    0x080001aa   0x080001aa   0x00000000   Code   RO         4826    .ARM.Collect$$libshutdown$$0000000E  c_w.l(libshutdown2.o)
    0x080001aa   0x080001aa   0x00000000   Code   RO         4829    .ARM.Collect$$libshutdown$$00000011  c_w.l(libshutdown2.o)
    0x080001aa   0x080001aa   0x00000002   Code   RO         4830    .ARM.Collect$$libshutdown$$00000012  c_w.l(libshutdown2.o)
    0x080001ac   0x080001ac   0x00000000   Code   RO         4644    .ARM.Collect$$rtentry$$00000000  c_w.l(__rtentry.o)
    0x080001ac   0x080001ac   0x00000000   Code   RO         4687    .ARM.Collect$$rtentry$$00000002  c_w.l(__rtentry2.o)
    0x080001ac   0x080001ac   0x00000006   Code   RO         4699    .ARM.Collect$$rtentry$$00000004  c_w.l(__rtentry4.o)
    0x080001b2   0x080001b2   0x00000000   Code   RO         4689    .ARM.Collect$$rtentry$$00000009  c_w.l(__rtentry2.o)
    0x080001b2   0x080001b2   0x00000004   Code   RO         4690    .ARM.Collect$$rtentry$$0000000A  c_w.l(__rtentry2.o)
    0x080001b6   0x080001b6   0x00000000   Code   RO         4692    .ARM.Collect$$rtentry$$0000000C  c_w.l(__rtentry2.o)
    0x080001b6   0x080001b6   0x00000008   Code   RO         4693    .ARM.Collect$$rtentry$$0000000D  c_w.l(__rtentry2.o)
    0x080001be   0x080001be   0x00000002   Code   RO         4731    .ARM.Collect$$rtexit$$00000000  c_w.l(rtexit.o)
    0x080001c0   0x080001c0   0x00000000   Code   RO         4781    .ARM.Collect$$rtexit$$00000002  c_w.l(rtexit2.o)
    0x080001c0   0x080001c0   0x00000004   Code   RO         4782    .ARM.Collect$$rtexit$$00000003  c_w.l(rtexit2.o)
    0x080001c4   0x080001c4   0x00000006   Code   RO         4783    .ARM.Collect$$rtexit$$00000004  c_w.l(rtexit2.o)
    0x080001ca   0x080001ca   0x00000002   PAD
    0x080001cc   0x080001cc   0x00000096   Code   RO         4278    .emb_text           port.o
    0x08000262   0x08000262   0x00000002   PAD
    0x08000264   0x08000264   0x00000040   Code   RO            4    .text               startup_stm32f103xe.o
    0x080002a4   0x080002a4   0x00000064   Code   RO         4570    .text               c_w.l(rt_memcpy_w.o)
    0x08000308   0x08000308   0x0000004e   Code   RO         4574    .text               c_w.l(rt_memclr_w.o)
    0x08000356   0x08000356   0x00000006   Code   RO         4576    .text               c_w.l(heapauxi.o)
    0x0800035c   0x0800035c   0x00000016   Code   RO         4645    .text               c_w.l(_rserrno.o)
    0x08000372   0x08000372   0x00000002   PAD
    0x08000374   0x08000374   0x00000008   Code   RO         4704    .text               c_w.l(rt_errno_addr_intlibspace.o)
    0x0800037c   0x0800037c   0x00000008   Code   RO         4716    .text               c_w.l(libspace.o)
    0x08000384   0x08000384   0x0000004a   Code   RO         4719    .text               c_w.l(sys_stackheap_outer.o)
    0x080003ce   0x080003ce   0x00000012   Code   RO         4721    .text               c_w.l(exit.o)
    0x080003e0   0x080003e0   0x0000000c   Code   RO         4793    .text               c_w.l(sys_exit.o)
    0x080003ec   0x080003ec   0x00000002   Code   RO         4804    .text               c_w.l(use_no_semi.o)
    0x080003ee   0x080003ee   0x00000000   Code   RO         4806    .text               c_w.l(indicate_semi.o)
    0x080003ee   0x080003ee   0x00000004   Code   RO          457    i.BusFault_Handler  stm32f1xx_it.o
    0x080003f2   0x080003f2   0x00000002   PAD
    0x080003f4   0x080003f4   0x00000148   Code   RO         4358    i.Chassis_Init      chassis_task.o
    0x0800053c   0x0800053c   0x00000098   Code   RO         4359    i.Chassis_Set_Control  chassis_task.o
    0x080005d4   0x080005d4   0x00000010   Code   RO          458    i.DMA1_Channel2_IRQHandler  stm32f1xx_it.o
    0x080005e4   0x080005e4   0x00000010   Code   RO          459    i.DMA1_Channel3_IRQHandler  stm32f1xx_it.o
    0x080005f4   0x080005f4   0x0000002c   Code   RO         1047    i.DMA_SetConfig     stm32f1xx_hal_dma.o
    0x08000620   0x08000620   0x00000002   Code   RO          460    i.DebugMon_Handler  stm32f1xx_it.o
    0x08000622   0x08000622   0x00000006   Code   RO           13    i.Error_Handler     main.o
    0x08000628   0x08000628   0x00000056   Code   RO         1048    i.HAL_DMA_Abort     stm32f1xx_hal_dma.o
    0x0800067e   0x0800067e   0x00000002   PAD
    0x08000680   0x08000680   0x000001a8   Code   RO         1049    i.HAL_DMA_Abort_IT  stm32f1xx_hal_dma.o
    0x08000828   0x08000828   0x00000398   Code   RO         1053    i.HAL_DMA_IRQHandler  stm32f1xx_hal_dma.o
    0x08000bc0   0x08000bc0   0x0000008c   Code   RO         1054    i.HAL_DMA_Init      stm32f1xx_hal_dma.o
    0x08000c4c   0x08000c4c   0x0000009c   Code   RO         1058    i.HAL_DMA_Start_IT  stm32f1xx_hal_dma.o
    0x08000ce8   0x08000ce8   0x00000340   Code   RO          984    i.HAL_GPIO_Init     stm32f1xx_hal_gpio.o
    0x08001028   0x08001028   0x0000000c   Code   RO          988    i.HAL_GPIO_WritePin  stm32f1xx_hal_gpio.o
    0x08001034   0x08001034   0x0000000c   Code   RO          673    i.HAL_GetTick       stm32f1xx_hal.o
    0x08001040   0x08001040   0x00000018   Code   RO          679    i.HAL_IncTick       stm32f1xx_hal.o
    0x08001058   0x08001058   0x00000028   Code   RO          680    i.HAL_Init          stm32f1xx_hal.o
    0x08001080   0x08001080   0x000000b4   Code   RO          587    i.HAL_InitTick      stm32f1xx_hal_timebase_tim.o
    0x08001134   0x08001134   0x00000060   Code   RO          563    i.HAL_MspInit       stm32f1xx_hal_msp.o
    0x08001194   0x08001194   0x00000020   Code   RO         1144    i.HAL_NVIC_EnableIRQ  stm32f1xx_hal_cortex.o
    0x080011b4   0x080011b4   0x0000007c   Code   RO         1150    i.HAL_NVIC_SetPriority  stm32f1xx_hal_cortex.o
    0x08001230   0x08001230   0x00000028   Code   RO         1151    i.HAL_NVIC_SetPriorityGrouping  stm32f1xx_hal_cortex.o
    0x08001258   0x08001258   0x0000018c   Code   RO          837    i.HAL_RCC_ClockConfig  stm32f1xx_hal_rcc.o
    0x080013e4   0x080013e4   0x00000044   Code   RO          841    i.HAL_RCC_GetClockConfig  stm32f1xx_hal_rcc.o
    0x08001428   0x08001428   0x0000000c   Code   RO          842    i.HAL_RCC_GetHCLKFreq  stm32f1xx_hal_rcc.o
    0x08001434   0x08001434   0x00000020   Code   RO          844    i.HAL_RCC_GetPCLK1Freq  stm32f1xx_hal_rcc.o
    0x08001454   0x08001454   0x00000020   Code   RO          845    i.HAL_RCC_GetPCLK2Freq  stm32f1xx_hal_rcc.o
    0x08001474   0x08001474   0x00000070   Code   RO          846    i.HAL_RCC_GetSysClockFreq  stm32f1xx_hal_rcc.o
    0x080014e4   0x080014e4   0x00000464   Code   RO          849    i.HAL_RCC_OscConfig  stm32f1xx_hal_rcc.o
    0x08001948   0x08001948   0x00000002   Code   RO         2387    i.HAL_TIMEx_BreakCallback  stm32f1xx_hal_tim_ex.o
    0x0800194a   0x0800194a   0x00000002   Code   RO         2388    i.HAL_TIMEx_CommutCallback  stm32f1xx_hal_tim_ex.o
    0x0800194c   0x0800194c   0x00000074   Code   RO         2390    i.HAL_TIMEx_ConfigBreakDeadTime  stm32f1xx_hal_tim_ex.o
    0x080019c0   0x080019c0   0x0000009c   Code   RO         2406    i.HAL_TIMEx_MasterConfigSynchronization  stm32f1xx_hal_tim_ex.o
    0x08001a5c   0x08001a5c   0x00000066   Code   RO         1672    i.HAL_TIM_Base_Init  stm32f1xx_hal_tim.o
    0x08001ac2   0x08001ac2   0x00000002   PAD
    0x08001ac4   0x08001ac4   0x00000058   Code   RO          326    i.HAL_TIM_Base_MspInit  tim.o
    0x08001b1c   0x08001b1c   0x00000090   Code   RO         1677    i.HAL_TIM_Base_Start_IT  stm32f1xx_hal_tim.o
    0x08001bac   0x08001bac   0x0000010c   Code   RO         1681    i.HAL_TIM_ConfigClockSource  stm32f1xx_hal_tim.o
    0x08001cb8   0x08001cb8   0x000000c4   Code   RO         1693    i.HAL_TIM_Encoder_Init  stm32f1xx_hal_tim.o
    0x08001d7c   0x08001d7c   0x000001fc   Code   RO          328    i.HAL_TIM_Encoder_MspInit  tim.o
    0x08001f78   0x08001f78   0x000000cc   Code   RO         1696    i.HAL_TIM_Encoder_Start  stm32f1xx_hal_tim.o
    0x08002044   0x08002044   0x00000002   Code   RO         1706    i.HAL_TIM_IC_CaptureCallback  stm32f1xx_hal_tim.o
    0x08002046   0x08002046   0x00000196   Code   RO         1720    i.HAL_TIM_IRQHandler  stm32f1xx_hal_tim.o
    0x080021dc   0x080021dc   0x00000098   Code   RO          329    i.HAL_TIM_MspPostInit  tim.o
    0x08002274   0x08002274   0x00000002   Code   RO         1723    i.HAL_TIM_OC_DelayElapsedCallback  stm32f1xx_hal_tim.o
    0x08002276   0x08002276   0x00000104   Code   RO         1744    i.HAL_TIM_PWM_ConfigChannel  stm32f1xx_hal_tim.o
    0x0800237a   0x0800237a   0x00000066   Code   RO         1747    i.HAL_TIM_PWM_Init  stm32f1xx_hal_tim.o
    0x080023e0   0x080023e0   0x00000002   Code   RO         1749    i.HAL_TIM_PWM_MspInit  stm32f1xx_hal_tim.o
    0x080023e2   0x080023e2   0x00000002   Code   RO         1750    i.HAL_TIM_PWM_PulseFinishedCallback  stm32f1xx_hal_tim.o
    0x080023e4   0x080023e4   0x000000f4   Code   RO         1752    i.HAL_TIM_PWM_Start  stm32f1xx_hal_tim.o
    0x080024d8   0x080024d8   0x00000018   Code   RO           14    i.HAL_TIM_PeriodElapsedCallback  main.o
    0x080024f0   0x080024f0   0x00000002   Code   RO         1763    i.HAL_TIM_TriggerCallback  stm32f1xx_hal_tim.o
    0x080024f2   0x080024f2   0x00000002   Code   RO         2666    i.HAL_UARTEx_RxEventCallback  stm32f1xx_hal_uart.o
    0x080024f4   0x080024f4   0x00000002   Code   RO         2680    i.HAL_UART_ErrorCallback  stm32f1xx_hal_uart.o
    0x080024f6   0x080024f6   0x00000002   PAD
    0x080024f8   0x080024f8   0x000002e4   Code   RO         2683    i.HAL_UART_IRQHandler  stm32f1xx_hal_uart.o
    0x080027dc   0x080027dc   0x00000076   Code   RO         2684    i.HAL_UART_Init     stm32f1xx_hal_uart.o
    0x08002852   0x08002852   0x00000002   PAD
    0x08002854   0x08002854   0x00000108   Code   RO          416    i.HAL_UART_MspInit  usart.o
    0x0800295c   0x0800295c   0x0000002c   Code   RO         2688    i.HAL_UART_Receive_DMA  stm32f1xx_hal_uart.o
    0x08002988   0x08002988   0x00000024   Code   RO           15    i.HAL_UART_RxCpltCallback  main.o
    0x080029ac   0x080029ac   0x00000002   Code   RO         2691    i.HAL_UART_RxHalfCpltCallback  stm32f1xx_hal_uart.o
    0x080029ae   0x080029ae   0x00000002   Code   RO         2695    i.HAL_UART_TxCpltCallback  stm32f1xx_hal_uart.o
    0x080029b0   0x080029b0   0x00000004   Code   RO          461    i.HardFault_Handler  stm32f1xx_it.o
    0x080029b4   0x080029b4   0x00000044   Code   RO          301    i.MX_DMA_Init       dma.o
    0x080029f8   0x080029f8   0x00000060   Code   RO          239    i.MX_FREERTOS_Init  freertos.o
    0x08002a58   0x08002a58   0x000000d0   Code   RO          215    i.MX_GPIO_Init      gpio.o
    0x08002b28   0x08002b28   0x000000d8   Code   RO          330    i.MX_TIM1_Init      tim.o
    0x08002c00   0x08002c00   0x00000078   Code   RO          331    i.MX_TIM2_Init      tim.o
    0x08002c78   0x08002c78   0x0000007c   Code   RO          332    i.MX_TIM3_Init      tim.o
    0x08002cf4   0x08002cf4   0x0000007c   Code   RO          333    i.MX_TIM4_Init      tim.o
    0x08002d70   0x08002d70   0x0000007c   Code   RO          334    i.MX_TIM5_Init      tim.o
    0x08002dec   0x08002dec   0x00000108   Code   RO          335    i.MX_TIM8_Init      tim.o
    0x08002ef4   0x08002ef4   0x00000038   Code   RO          417    i.MX_USART3_UART_Init  usart.o
    0x08002f2c   0x08002f2c   0x00000004   Code   RO          462    i.MemManage_Handler  stm32f1xx_it.o
    0x08002f30   0x08002f30   0x00000026   Code   RO         4477    i.Motor_Calc        motor.o
    0x08002f56   0x08002f56   0x00000042   Code   RO         4478    i.Motor_Drive_With_PID  motor.o
    0x08002f98   0x08002f98   0x000000c2   Code   RO         4479    i.Motor_Driver      motor.o
    0x0800305a   0x0800305a   0x00000002   PAD
    0x0800305c   0x0800305c   0x0000003c   Code   RO         4480    i.Motor_Encoder_Update  motor.o
    0x08003098   0x08003098   0x00000070   Code   RO         4481    i.Motor_Init        motor.o
    0x08003108   0x08003108   0x0000002a   Code   RO         4482    i.Motor_Pid_Init    motor.o
    0x08003132   0x08003132   0x00000002   PAD
    0x08003134   0x08003134   0x000000d8   Code   RO         4483    i.Motor_Speed_Get   motor.o
    0x0800320c   0x0800320c   0x00000004   Code   RO          463    i.NMI_Handler       stm32f1xx_it.o
    0x08003210   0x08003210   0x00000174   Code   RO         4531    i.PID_Calc          pid.o
    0x08003384   0x08003384   0x00000068   Code   RO         4532    i.PID_Init          pid.o
    0x080033ec   0x080033ec   0x00000028   Code   RO          850    i.RCC_Delay         stm32f1xx_hal_rcc.o
    0x08003414   0x08003414   0x0000000a   Code   RO          240    i.StartDefaultTask  freertos.o
    0x0800341e   0x0800341e   0x00000002   PAD
    0x08003420   0x08003420   0x00000050   Code   RO         4360    i.StartchassisTask  chassis_task.o
    0x08003470   0x08003470   0x00000018   Code   RO         4404    i.StartseizeTask    seize_task.o
    0x08003488   0x08003488   0x00000034   Code   RO         4279    i.SysTick_Handler   port.o
    0x080034bc   0x080034bc   0x00000066   Code   RO           16    i.SystemClock_Config  main.o
    0x08003522   0x08003522   0x00000002   Code   RO         3028    i.SystemInit        system_stm32f1xx.o
    0x08003524   0x08003524   0x00000010   Code   RO          464    i.TIM2_IRQHandler   stm32f1xx_it.o
    0x08003534   0x08003534   0x00000010   Code   RO          465    i.TIM3_IRQHandler   stm32f1xx_it.o
    0x08003544   0x08003544   0x00000010   Code   RO          466    i.TIM4_IRQHandler   stm32f1xx_it.o
    0x08003554   0x08003554   0x00000010   Code   RO          467    i.TIM5_IRQHandler   stm32f1xx_it.o
    0x08003564   0x08003564   0x00000010   Code   RO          468    i.TIM7_IRQHandler   stm32f1xx_it.o
    0x08003574   0x08003574   0x0000009c   Code   RO         1765    i.TIM_Base_SetConfig  stm32f1xx_hal_tim.o
    0x08003610   0x08003610   0x00000022   Code   RO         1766    i.TIM_CCxChannelCmd  stm32f1xx_hal_tim.o
    0x08003632   0x08003632   0x00000016   Code   RO         1776    i.TIM_ETR_SetConfig  stm32f1xx_hal_tim.o
    0x08003648   0x08003648   0x00000012   Code   RO         1777    i.TIM_ITRx_SetConfig  stm32f1xx_hal_tim.o
    0x0800365a   0x0800365a   0x00000002   PAD
    0x0800365c   0x0800365c   0x00000070   Code   RO         1778    i.TIM_OC1_SetConfig  stm32f1xx_hal_tim.o
    0x080036cc   0x080036cc   0x0000007c   Code   RO         1779    i.TIM_OC2_SetConfig  stm32f1xx_hal_tim.o
    0x08003748   0x08003748   0x00000078   Code   RO         1780    i.TIM_OC3_SetConfig  stm32f1xx_hal_tim.o
    0x080037c0   0x080037c0   0x00000054   Code   RO         1781    i.TIM_OC4_SetConfig  stm32f1xx_hal_tim.o
    0x08003814   0x08003814   0x00000026   Code   RO         1783    i.TIM_TI1_ConfigInputStage  stm32f1xx_hal_tim.o
    0x0800383a   0x0800383a   0x00000028   Code   RO         1785    i.TIM_TI2_ConfigInputStage  stm32f1xx_hal_tim.o
    0x08003862   0x08003862   0x00000014   Code   RO         2697    i.UART_DMAAbortOnError  stm32f1xx_hal_uart.o
    0x08003876   0x08003876   0x00000050   Code   RO         2698    i.UART_DMAError     stm32f1xx_hal_uart.o
    0x080038c6   0x080038c6   0x000000b4   Code   RO         2699    i.UART_DMAReceiveCplt  stm32f1xx_hal_uart.o
    0x0800397a   0x0800397a   0x00000024   Code   RO         2701    i.UART_DMARxHalfCplt  stm32f1xx_hal_uart.o
    0x0800399e   0x0800399e   0x0000006c   Code   RO         2707    i.UART_EndRxTransfer  stm32f1xx_hal_uart.o
    0x08003a0a   0x08003a0a   0x00000020   Code   RO         2708    i.UART_EndTransmit_IT  stm32f1xx_hal_uart.o
    0x08003a2a   0x08003a2a   0x00000026   Code   RO         2709    i.UART_EndTxTransfer  stm32f1xx_hal_uart.o
    0x08003a50   0x08003a50   0x000000fc   Code   RO         2710    i.UART_Receive_IT   stm32f1xx_hal_uart.o
    0x08003b4c   0x08003b4c   0x000000fc   Code   RO         2711    i.UART_SetConfig    stm32f1xx_hal_uart.o
    0x08003c48   0x08003c48   0x000000c8   Code   RO         2712    i.UART_Start_Receive_DMA  stm32f1xx_hal_uart.o
    0x08003d10   0x08003d10   0x00000060   Code   RO         2714    i.UART_Transmit_IT  stm32f1xx_hal_uart.o
    0x08003d70   0x08003d70   0x00000010   Code   RO          469    i.USART3_IRQHandler  stm32f1xx_it.o
    0x08003d80   0x08003d80   0x00000004   Code   RO          470    i.UsageFault_Handler  stm32f1xx_it.o
    0x08003d84   0x08003d84   0x00000028   Code   RO         4712    i.__ARM_fpclassify  m_ws.l(fpclassify.o)
    0x08003dac   0x08003dac   0x00000010   Code   RO         1157    i.__NVIC_GetPriorityGrouping  stm32f1xx_hal_cortex.o
    0x08003dbc   0x08003dbc   0x00000028   Code   RO         1158    i.__NVIC_SetPriority  stm32f1xx_hal_cortex.o
    0x08003de4   0x08003de4   0x00000388   Code   RO         4675    i.__ieee754_rem_pio2  m_ws.l(rred.o)
    0x0800416c   0x0800416c   0x000000fc   Code   RO         4658    i.__kernel_cos      m_ws.l(cos_i.o)
    0x08004268   0x08004268   0x000000aa   Code   RO         4714    i.__kernel_poly     m_ws.l(poly.o)
    0x08004312   0x08004312   0x00000002   PAD
    0x08004314   0x08004314   0x000000ec   Code   RO         4680    i.__kernel_sin      m_ws.l(sin_i.o)
    0x08004400   0x08004400   0x00000006   Code   RO         4662    i.__mathlib_dbl_infnan  m_ws.l(dunder.o)
    0x08004406   0x08004406   0x0000000c   Code   RO         4664    i.__mathlib_dbl_invalid  m_ws.l(dunder.o)
    0x08004412   0x08004412   0x00000002   PAD
    0x08004414   0x08004414   0x00000010   Code   RO         4667    i.__mathlib_dbl_underflow  m_ws.l(dunder.o)
    0x08004424   0x08004424   0x0000009c   Code   RO         4629    i.cos               m_ws.l(cos.o)
    0x080044c0   0x080044c0   0x00000024   Code   RO         4428    i.degree_to_rad     ble_remote.o
    0x080044e4   0x080044e4   0x00000008   Code   RO         4429    i.get_remote_control_point  ble_remote.o
    0x080044ec   0x080044ec   0x0000005c   Code   RO           17    i.main              main.o
    0x08004548   0x08004548   0x0000000e   Code   RO         3850    i.makeFreeRtosPriority  cmsis_os.o
    0x08004556   0x08004556   0x00000018   Code   RO         3852    i.osDelay           cmsis_os.o
    0x0800456e   0x0800456e   0x0000001c   Code   RO         3853    i.osDelayUntil      cmsis_os.o
    0x0800458a   0x0800458a   0x0000000a   Code   RO         3855    i.osKernelStart     cmsis_os.o
    0x08004594   0x08004594   0x0000005e   Code   RO         3889    i.osThreadCreate    cmsis_os.o
    0x080045f2   0x080045f2   0x00000002   PAD
    0x080045f4   0x080045f4   0x00000098   Code   RO         3530    i.prvAddCurrentTaskToDelayedList  tasks.o
    0x0800468c   0x0800468c   0x000000b4   Code   RO         3531    i.prvAddNewTaskToReadyList  tasks.o
    0x08004740   0x08004740   0x00000048   Code   RO         3532    i.prvCheckTasksWaitingTermination  tasks.o
    0x08004788   0x08004788   0x00000050   Code   RO         3533    i.prvDeleteTCB      tasks.o
    0x080047d8   0x080047d8   0x0000007c   Code   RO         4217    i.prvHeapInit       heap_4.o
    0x08004854   0x08004854   0x00000028   Code   RO         3534    i.prvIdleTask       tasks.o
    0x0800487c   0x0800487c   0x000000aa   Code   RO         3535    i.prvInitialiseNewTask  tasks.o
    0x08004926   0x08004926   0x00000002   PAD
    0x08004928   0x08004928   0x00000068   Code   RO         3536    i.prvInitialiseTaskLists  tasks.o
    0x08004990   0x08004990   0x00000068   Code   RO         4218    i.prvInsertBlockIntoFreeList  heap_4.o
    0x080049f8   0x080049f8   0x00000034   Code   RO         3537    i.prvResetNextTaskUnblockTime  tasks.o
    0x08004a2c   0x08004a2c   0x00000040   Code   RO         4280    i.prvTaskExitError  port.o
    0x08004a6c   0x08004a6c   0x0000013c   Code   RO         4219    i.pvPortMalloc      heap_4.o
    0x08004ba8   0x08004ba8   0x00000024   Code   RO         4281    i.pxPortInitialiseStack  port.o
    0x08004bcc   0x08004bcc   0x000000a0   Code   RO         4637    i.sin               m_ws.l(sin.o)
    0x08004c6c   0x08004c6c   0x00000088   Code   RO         4430    i.uart_to_remote    ble_remote.o
    0x08004cf4   0x08004cf4   0x000000e2   Code   RO         4431    i.uart_to_rocker    ble_remote.o
    0x08004dd6   0x08004dd6   0x00000028   Code   RO         3165    i.uxListRemove      list.o
    0x08004dfe   0x08004dfe   0x00000002   PAD
    0x08004e00   0x08004e00   0x00000018   Code   RO          243    i.vApplicationGetIdleTaskMemory  freertos.o
    0x08004e18   0x08004e18   0x0000001a   Code   RO         3166    i.vListInitialise   list.o
    0x08004e32   0x08004e32   0x00000006   Code   RO         3167    i.vListInitialiseItem  list.o
    0x08004e38   0x08004e38   0x00000034   Code   RO         3168    i.vListInsert       list.o
    0x08004e6c   0x08004e6c   0x00000018   Code   RO         3169    i.vListInsertEnd    list.o
    0x08004e84   0x08004e84   0x00000054   Code   RO         4283    i.vPortEnterCritical  port.o
    0x08004ed8   0x08004ed8   0x0000003c   Code   RO         4284    i.vPortExitCritical  port.o
    0x08004f14   0x08004f14   0x00000094   Code   RO         4220    i.vPortFree         heap_4.o
    0x08004fa8   0x08004fa8   0x00000028   Code   RO         4285    i.vPortSetupTimerInterrupt  port.o
    0x08004fd0   0x08004fd0   0x0000005c   Code   RO         3545    i.vTaskDelay        tasks.o
    0x0800502c   0x0800502c   0x000000d4   Code   RO         3546    i.vTaskDelayUntil   tasks.o
    0x08005100   0x08005100   0x000000b0   Code   RO         3559    i.vTaskStartScheduler  tasks.o
    0x080051b0   0x080051b0   0x00000010   Code   RO         3561    i.vTaskSuspendAll   tasks.o
    0x080051c0   0x080051c0   0x0000008c   Code   RO         3562    i.vTaskSwitchContext  tasks.o
    0x0800524c   0x0800524c   0x000000f8   Code   RO         4287    i.xPortStartScheduler  port.o
    0x08005344   0x08005344   0x00000064   Code   RO         3564    i.xTaskCreate       tasks.o
    0x080053a8   0x080053a8   0x000000b8   Code   RO         3565    i.xTaskCreateStatic  tasks.o
    0x08005460   0x08005460   0x0000000c   Code   RO         3570    i.xTaskGetTickCount  tasks.o
    0x0800546c   0x0800546c   0x00000148   Code   RO         3572    i.xTaskIncrementTick  tasks.o
    0x080055b4   0x080055b4   0x00000104   Code   RO         3578    i.xTaskResumeAll    tasks.o
    0x080056b8   0x080056b8   0x00000062   Code   RO         4580    x$fpl$d2f           fz_ws.l(d2f.o)
    0x0800571a   0x0800571a   0x00000002   PAD
    0x0800571c   0x0800571c   0x00000150   Code   RO         4582    x$fpl$dadd          fz_ws.l(daddsub_clz.o)
    0x0800586c   0x0800586c   0x00000010   Code   RO         4729    x$fpl$dcheck1       fz_ws.l(dcheck1.o)
    0x0800587c   0x0800587c   0x000002b0   Code   RO         4589    x$fpl$ddiv          fz_ws.l(ddiv.o)
    0x08005b2c   0x08005b2c   0x0000005e   Code   RO         4706    x$fpl$dfix          fz_ws.l(dfix.o)
    0x08005b8a   0x08005b8a   0x00000002   PAD
    0x08005b8c   0x08005b8c   0x0000005a   Code   RO         4592    x$fpl$dfixu         fz_ws.l(dfixu.o)
    0x08005be6   0x08005be6   0x0000002e   Code   RO         4597    x$fpl$dflt          fz_ws.l(dflt_clz.o)
    0x08005c14   0x08005c14   0x00000026   Code   RO         4596    x$fpl$dfltu         fz_ws.l(dflt_clz.o)
    0x08005c3a   0x08005c3a   0x00000002   PAD
    0x08005c3c   0x08005c3c   0x00000154   Code   RO         4602    x$fpl$dmul          fz_ws.l(dmul.o)
    0x08005d90   0x08005d90   0x0000009c   Code   RO         4649    x$fpl$dnaninf       fz_ws.l(dnaninf.o)
    0x08005e2c   0x08005e2c   0x0000000c   Code   RO         4651    x$fpl$dretinf       fz_ws.l(dretinf.o)
    0x08005e38   0x08005e38   0x00000016   Code   RO         4583    x$fpl$drsb          fz_ws.l(daddsub_clz.o)
    0x08005e4e   0x08005e4e   0x00000002   PAD
    0x08005e50   0x08005e50   0x000001d4   Code   RO         4584    x$fpl$dsub          fz_ws.l(daddsub_clz.o)
    0x08006024   0x08006024   0x00000056   Code   RO         4604    x$fpl$f2d           fz_ws.l(f2d.o)
    0x0800607a   0x0800607a   0x00000002   PAD
    0x0800607c   0x0800607c   0x000000c4   Code   RO         4606    x$fpl$fadd          fz_ws.l(faddsub_clz.o)
    0x08006140   0x08006140   0x00000184   Code   RO         4613    x$fpl$fdiv          fz_ws.l(fdiv.o)
    0x080062c4   0x080062c4   0x00000036   Code   RO         4616    x$fpl$ffix          fz_ws.l(ffix.o)
    0x080062fa   0x080062fa   0x00000002   PAD
    0x080062fc   0x080062fc   0x00000030   Code   RO         4621    x$fpl$fflt          fz_ws.l(fflt_clz.o)
    0x0800632c   0x0800632c   0x00000102   Code   RO         4626    x$fpl$fmul          fz_ws.l(fmul.o)
    0x0800642e   0x0800642e   0x0000008c   Code   RO         4653    x$fpl$fnaninf       fz_ws.l(fnaninf.o)
    0x080064ba   0x080064ba   0x0000000a   Code   RO         4655    x$fpl$fretinf       fz_ws.l(fretinf.o)
    0x080064c4   0x080064c4   0x000000ea   Code   RO         4608    x$fpl$fsub          fz_ws.l(faddsub_clz.o)
    0x080065ae   0x080065ae   0x00000064   Code   RO         4778    x$fpl$retnan        fz_ws.l(retnan.o)
    0x08006612   0x08006612   0x0000005c   Code   RO         4710    x$fpl$scalbn        fz_ws.l(scalbn.o)
    0x0800666e   0x0800666e   0x00000030   Code   RO         4791    x$fpl$trapveneer    fz_ws.l(trapv.o)
    0x0800669e   0x0800669e   0x00000000   Code   RO         4657    x$fpl$usenofp       fz_ws.l(usenofp.o)
    0x0800669e   0x0800669e   0x00000002   PAD
    0x080066a0   0x080066a0   0x00000054   Data   RO          245    .constdata          freertos.o
    0x080066f4   0x080066f4   0x00000012   Data   RO          851    .constdata          stm32f1xx_hal_rcc.o
    0x08006706   0x08006706   0x00000018   Data   RO         3029    .constdata          system_stm32f1xx.o
    0x0800671e   0x0800671e   0x00000002   PAD
    0x08006720   0x08006720   0x00000030   Data   RO         4659    .constdata          m_ws.l(cos_i.o)
    0x08006750   0x08006750   0x000000c8   Data   RO         4677    .constdata          m_ws.l(rred.o)
    0x08006818   0x08006818   0x00000028   Data   RO         4681    .constdata          m_ws.l(sin_i.o)
    0x08006840   0x08006840   0x00000024   Data   RO          246    .conststring        freertos.o
    0x08006864   0x08006864   0x00000020   Data   RO         4861    Region$$Table       anon$$obj.o


    Execution Region RW_IRAM1 (Exec base: 0x20000000, Load base: 0x08006884, Size: 0x00001a38, Max: 0x0000c000, ABSOLUTE)

    Exec Addr    Load Addr    Size         Type   Attr      Idx    E Section Name        Object

    0x20000000   0x08006884   0x0000000c   Data   RW          247    .data               freertos.o
    0x2000000c   0x08006890   0x00000009   Data   RW          687    .data               stm32f1xx_hal.o
    0x20000015   0x08006899   0x00000003   PAD
    0x20000018   0x0800689c   0x00000004   Data   RW         3030    .data               system_stm32f1xx.o
    0x2000001c   0x080068a0   0x0000003c   Data   RW         3581    .data               tasks.o
    0x20000058   0x080068dc   0x00000018   Data   RW         4225    .data               heap_4.o
    0x20000070   0x080068f4   0x0000000c   Data   RW         4288    .data               port.o
    0x2000007c        -       0x0000000b   Zero   RW           18    .bss                main.o
    0x20000087   0x08006900   0x00000001   PAD
    0x20000088        -       0x00000154   Zero   RW          244    .bss                freertos.o
    0x200001dc        -       0x000001b0   Zero   RW          336    .bss                tim.o
    0x2000038c        -       0x000000d0   Zero   RW          418    .bss                usart.o
    0x2000045c        -       0x00000048   Zero   RW          590    .bss                stm32f1xx_hal_timebase_tim.o
    0x200004a4        -       0x000000f0   Zero   RW         3580    .bss                tasks.o
    0x20000594        -       0x00000c00   Zero   RW         4224    .bss                heap_4.o
    0x20001194        -       0x00000224   Zero   RW         4361    .bss                chassis_task.o
    0x200013b8        -       0x00000020   Zero   RW         4432    .bss                ble_remote.o
    0x200013d8        -       0x00000060   Zero   RW         4717    .bss                c_w.l(libspace.o)
    0x20001438        -       0x00000200   Zero   RW            2    HEAP                startup_stm32f103xe.o
    0x20001638        -       0x00000400   Zero   RW            1    STACK               startup_stm32f103xe.o


==============================================================================

Image component sizes


      Code (inc. data)   RO Data    RW Data    ZI Data      Debug   Object Name

       406         18          0          0         32       2714   ble_remote.o
       560         68          0          0        548       3670   chassis_task.o
       170          0          0          0          0      22390   cmsis_os.o
        68          4          0          0          0        670   dma.o
         0          0          0          0          0      18032   event_groups.o
       130         28        120         12        340       2384   freertos.o
       208         12          0          0          0        887   gpio.o
       692         62          0         24       3072       6951   heap_4.o
       148          0          0          0          0       3174   list.o
       260         28          0          0         11     520145   main.o
       728         68          0          0          0       4077   motor.o
       476          0          0          0          0       1794   pid.o
       734         64          0         12          0       9960   port.o
        24          6          0          0          0        457   seize_task.o
        64         26        304          0       1536        772   startup_stm32f103xe.o
        76         20          0          9          0       5010   stm32f1xx_hal.o
       252         22          0          0          0      28430   stm32f1xx_hal_cortex.o
      1770         28          0          0          0       5010   stm32f1xx_hal_dma.o
       844         40          0          0          0       2572   stm32f1xx_hal_gpio.o
        96         10          0          0          0        818   stm32f1xx_hal_msp.o
      1816        108         18          0          0       6233   stm32f1xx_hal_rcc.o
      2684        102          0          0          0      16687   stm32f1xx_hal_tim.o
       276         22          0          0          0       3029   stm32f1xx_hal_tim_ex.o
       180         22          0          0         72       1343   stm32f1xx_hal_timebase_tim.o
      2204         22          0          0          0      12696   stm32f1xx_hal_uart.o
       150         48          0          0          0       5769   stm32f1xx_it.o
         0          0          0          0          0        384   stream_buffer.o
         2          0         24          4          0        999   system_stm32f1xx.o
      2370        288          0         60        240      17919   tasks.o
      1720        114          0          0        432       6439   tim.o
       320         34          0          0        208       1672   usart.o

    ----------------------------------------------------------------------
     19454       1264        500        124       6492     713087   Object Totals
         0          0         32          0          0          0   (incl. Generated)
        26          0          2          3          1          0   (incl. Padding)

    ----------------------------------------------------------------------

      Code (inc. data)   RO Data    RW Data    ZI Data      Debug   Library Member Name

         8          0          0          0          0         68   __main.o
         0          0          0          0          0          0   __rtentry.o
        12          0          0          0          0          0   __rtentry2.o
         6          0          0          0          0          0   __rtentry4.o
        52          8          0          0          0          0   __scatter.o
        26          0          0          0          0          0   __scatter_copy.o
        28          0          0          0          0          0   __scatter_zi.o
        22          0          0          0          0        100   _rserrno.o
        18          0          0          0          0         80   exit.o
         6          0          0          0          0        152   heapauxi.o
         0          0          0          0          0          0   indicate_semi.o
         2          0          0          0          0          0   libinit.o
         2          0          0          0          0          0   libinit2.o
         2          0          0          0          0          0   libshutdown.o
         2          0          0          0          0          0   libshutdown2.o
         8          4          0          0         96         68   libspace.o
         8          4          0          0          0         68   rt_errno_addr_intlibspace.o
        78          0          0          0          0         80   rt_memclr_w.o
       100          0          0          0          0         80   rt_memcpy_w.o
         2          0          0          0          0          0   rtexit.o
        10          0          0          0          0          0   rtexit2.o
        12          4          0          0          0         68   sys_exit.o
        74          0          0          0          0         80   sys_stackheap_outer.o
         2          0          0          0          0         68   use_no_semi.o
        98          4          0          0          0         92   d2f.o
       826         16          0          0          0        348   daddsub_clz.o
        16          4          0          0          0         68   dcheck1.o
       688        140          0          0          0        208   ddiv.o
        94          4          0          0          0         92   dfix.o
        90          4          0          0          0         92   dfixu.o
        84          0          0          0          0        136   dflt_clz.o
       340         12          0          0          0        104   dmul.o
       156          4          0          0          0         92   dnaninf.o
        12          0          0          0          0         68   dretinf.o
        86          4          0          0          0         84   f2d.o
       430          8          0          0          0        168   faddsub_clz.o
       388         76          0          0          0         96   fdiv.o
        54          4          0          0          0         84   ffix.o
        48          0          0          0          0         68   fflt_clz.o
       258          4          0          0          0         84   fmul.o
       140          4          0          0          0         84   fnaninf.o
        10          0          0          0          0         68   fretinf.o
       100          0          0          0          0         68   retnan.o
        92          0          0          0          0         68   scalbn.o
        48          0          0          0          0         68   trapv.o
         0          0          0          0          0          0   usenofp.o
       156          8          0          0          0        104   cos.o
       252         22         48          0          0        124   cos_i.o
        34          6          0          0          0        204   dunder.o
        40          0          0          0          0         68   fpclassify.o
       170          0          0          0          0         96   poly.o
       904         76        200          0          0        140   rred.o
       160         10          0          0          0        108   sin.o
       236         12         40          0          0        128   sin_i.o

    ----------------------------------------------------------------------
      6514        442        288          0         96       4124   Library Totals
        24          0          0          0          0          0   (incl. Padding)

    ----------------------------------------------------------------------

      Code (inc. data)   RO Data    RW Data    ZI Data      Debug   Library Name

       480         20          0          0         96        912   c_w.l
      4058        288          0          0          0       2240   fz_ws.l
      1952        134        288          0          0        972   m_ws.l

    ----------------------------------------------------------------------
      6514        442        288          0         96       4124   Library Totals

    ----------------------------------------------------------------------

==============================================================================


      Code (inc. data)   RO Data    RW Data    ZI Data      Debug   

     25968       1706        788        124       6588     706703   Grand Totals
     25968       1706        788        124       6588     706703   ELF Image Totals
     25968       1706        788        124          0          0   ROM Totals

==============================================================================

    Total RO  Size (Code + RO Data)                26756 (  26.13kB)
    Total RW  Size (RW Data + ZI Data)              6712 (   6.55kB)
    Total ROM Size (Code + RO Data + RW Data)      26880 (  26.25kB)

==============================================================================

